Archive member included to satisfy reference by file (symbol)

C:/Users/amand/.pico-sdk/toolchain/13_3_Rel1/bin/../lib/gcc/arm-none-eabi/13.3.1/thumb/v6-m/nofp\libgcc.a(_dvmd_tls.o)
                              CMakeFiles/Atividade-03_02.dir/C_/Users/amand/.pico-sdk/sdk/2.1.0/src/rp2_common/pico_divider/divider_hardware.S.obj (__aeabi_idiv0)
C:/Users/amand/.pico-sdk/toolchain/13_3_Rel1/bin/../lib/gcc/arm-none-eabi/13.3.1/thumb/v6-m/nofp\libg.a(libc_a-calloc.o)
                              CMakeFiles/Atividade-03_02.dir/C_/Users/amand/.pico-sdk/sdk/2.1.0/src/rp2_common/pico_malloc/malloc.c.obj (calloc)
C:/Users/amand/.pico-sdk/toolchain/13_3_Rel1/bin/../lib/gcc/arm-none-eabi/13.3.1/thumb/v6-m/nofp\libg.a(libc_a-callocr.o)
                              C:/Users/amand/.pico-sdk/toolchain/13_3_Rel1/bin/../lib/gcc/arm-none-eabi/13.3.1/thumb/v6-m/nofp\libg.a(libc_a-calloc.o) (_calloc_r)
C:/Users/amand/.pico-sdk/toolchain/13_3_Rel1/bin/../lib/gcc/arm-none-eabi/13.3.1/thumb/v6-m/nofp\libg.a(libc_a-malloc.o)
                              CMakeFiles/Atividade-03_02.dir/C_/Users/amand/.pico-sdk/sdk/2.1.0/src/rp2_common/pico_malloc/malloc.c.obj (malloc)
C:/Users/amand/.pico-sdk/toolchain/13_3_Rel1/bin/../lib/gcc/arm-none-eabi/13.3.1/thumb/v6-m/nofp\libg.a(libc_a-mallocr.o)
                              C:/Users/amand/.pico-sdk/toolchain/13_3_Rel1/bin/../lib/gcc/arm-none-eabi/13.3.1/thumb/v6-m/nofp\libg.a(libc_a-callocr.o) (_malloc_r)
C:/Users/amand/.pico-sdk/toolchain/13_3_Rel1/bin/../lib/gcc/arm-none-eabi/13.3.1/thumb/v6-m/nofp\libg.a(libc_a-mlock.o)
                              C:/Users/amand/.pico-sdk/toolchain/13_3_Rel1/bin/../lib/gcc/arm-none-eabi/13.3.1/thumb/v6-m/nofp\libg.a(libc_a-mallocr.o) (__malloc_lock)
C:/Users/amand/.pico-sdk/toolchain/13_3_Rel1/bin/../lib/gcc/arm-none-eabi/13.3.1/thumb/v6-m/nofp\libg.a(libc_a-realloc.o)
                              CMakeFiles/Atividade-03_02.dir/C_/Users/amand/.pico-sdk/sdk/2.1.0/src/rp2_common/pico_malloc/malloc.c.obj (realloc)
C:/Users/amand/.pico-sdk/toolchain/13_3_Rel1/bin/../lib/gcc/arm-none-eabi/13.3.1/thumb/v6-m/nofp\libg.a(libc_a-reallocr.o)
                              C:/Users/amand/.pico-sdk/toolchain/13_3_Rel1/bin/../lib/gcc/arm-none-eabi/13.3.1/thumb/v6-m/nofp\libg.a(libc_a-realloc.o) (_realloc_r)
C:/Users/amand/.pico-sdk/toolchain/13_3_Rel1/bin/../lib/gcc/arm-none-eabi/13.3.1/thumb/v6-m/nofp\libg.a(libc_a-ctype_.o)
                              CMakeFiles/Atividade-03_02.dir/Atividade-03_02.c.obj (_ctype_)
C:/Users/amand/.pico-sdk/toolchain/13_3_Rel1/bin/../lib/gcc/arm-none-eabi/13.3.1/thumb/v6-m/nofp\libg.a(libc_a-sscanf.o)
                              CMakeFiles/Atividade-03_02.dir/Atividade-03_02.c.obj (sscanf)
C:/Users/amand/.pico-sdk/toolchain/13_3_Rel1/bin/../lib/gcc/arm-none-eabi/13.3.1/thumb/v6-m/nofp\libg.a(libc_a-stdio.o)
                              C:/Users/amand/.pico-sdk/toolchain/13_3_Rel1/bin/../lib/gcc/arm-none-eabi/13.3.1/thumb/v6-m/nofp\libg.a(libc_a-sscanf.o) (__seofread)
C:/Users/amand/.pico-sdk/toolchain/13_3_Rel1/bin/../lib/gcc/arm-none-eabi/13.3.1/thumb/v6-m/nofp\libg.a(libc_a-memcmp.o)
                              CMakeFiles/Atividade-03_02.dir/C_/Users/amand/.pico-sdk/sdk/2.1.0/src/rp2_common/pico_atomic/atomic.c.obj (memcmp)
C:/Users/amand/.pico-sdk/toolchain/13_3_Rel1/bin/../lib/gcc/arm-none-eabi/13.3.1/thumb/v6-m/nofp\libg.a(libc_a-memmove.o)
                              C:/Users/amand/.pico-sdk/toolchain/13_3_Rel1/bin/../lib/gcc/arm-none-eabi/13.3.1/thumb/v6-m/nofp\libg.a(libc_a-reallocr.o) (memmove)
C:/Users/amand/.pico-sdk/toolchain/13_3_Rel1/bin/../lib/gcc/arm-none-eabi/13.3.1/thumb/v6-m/nofp\libg.a(libc_a-lcltime_r.o)
                              CMakeFiles/Atividade-03_02.dir/C_/Users/amand/.pico-sdk/sdk/2.1.0/src/common/pico_util/datetime.c.obj (localtime_r)
C:/Users/amand/.pico-sdk/toolchain/13_3_Rel1/bin/../lib/gcc/arm-none-eabi/13.3.1/thumb/v6-m/nofp\libg.a(libc_a-mktime.o)
                              CMakeFiles/Atividade-03_02.dir/C_/Users/amand/.pico-sdk/sdk/2.1.0/src/common/pico_util/datetime.c.obj (mktime)
C:/Users/amand/.pico-sdk/toolchain/13_3_Rel1/bin/../lib/gcc/arm-none-eabi/13.3.1/thumb/v6-m/nofp\libg.a(libc_a-month_lengths.o)
                              C:/Users/amand/.pico-sdk/toolchain/13_3_Rel1/bin/../lib/gcc/arm-none-eabi/13.3.1/thumb/v6-m/nofp\libg.a(libc_a-lcltime_r.o) (__month_lengths)
C:/Users/amand/.pico-sdk/toolchain/13_3_Rel1/bin/../lib/gcc/arm-none-eabi/13.3.1/thumb/v6-m/nofp\libg.a(libc_a-tzcalc_limits.o)
                              C:/Users/amand/.pico-sdk/toolchain/13_3_Rel1/bin/../lib/gcc/arm-none-eabi/13.3.1/thumb/v6-m/nofp\libg.a(libc_a-lcltime_r.o) (__tzcalc_limits)
C:/Users/amand/.pico-sdk/toolchain/13_3_Rel1/bin/../lib/gcc/arm-none-eabi/13.3.1/thumb/v6-m/nofp\libg.a(libc_a-tzlock.o)
                              C:/Users/amand/.pico-sdk/toolchain/13_3_Rel1/bin/../lib/gcc/arm-none-eabi/13.3.1/thumb/v6-m/nofp\libg.a(libc_a-lcltime_r.o) (__tz_lock)
[...]
Memory Configuration

Name             Origin             Length             Attributes
FLASH            0x10000000         0x00200000         xr
RAM              0x20000000         0x00040000         xrw
SCRATCH_X        0x20040000         0x00001000         xrw
SCRATCH_Y        0x20041000         0x00001000         xrw
*default*        0x00000000         0xffffffff

Linker script and memory map

LOAD C:/Users/amand/.pico-sdk/toolchain/13_3_Rel1/bin/../lib/gcc/arm-none-eabi/13.3.1/thumb/v6-m/nofp/crti.o
LOAD C:/Users/amand/.pico-sdk/toolchain/13_3_Rel1/bin/../lib/gcc/arm-none-eabi/13.3.1/thumb/v6-m/nofp/crtbegin.o
LOAD C:/Users/amand/.pico-sdk/toolchain/13_3_Rel1/bin/../lib/gcc/arm-none-eabi/13.3.1/thumb/v6-m/nofp/crt0.o

.flash_begin    0x10000000        0x0
                0x10000000                        __flash_binary_start = .

.boot2          0x10000000      0x100
                0x10000000                        __boot2_start__ = .
 *(.boot2)
 .boot2         0x10000000      0x100 pico-sdk/src/rp2040/boot_stage2/CMakeFiles/bs2_default_library.dir/./bs2_default_padded_checksummed.S.obj
                0x10000100                        __boot2_end__ = .
                0x00000001                        ASSERT (((__boot2_end__ - __boot2_start__) == 0x100), ERROR: Pico second stage bootloader must be 256 bytes in size)

.text           0x10000100     0xf94c
                0x10000100                        __logical_binary_start = .
 *(.vectors)
 .vectors       0x10000100       0xd4 CMakeFiles/Atividade-03_02.dir/C_/Users/amand/.pico-sdk/sdk/2.1.0/src/rp2_common/pico_crt0/crt0.S.obj
                0x10000100                __VECTOR_TABLE
                0x10000100                __vectors
                0x100001c0                isr_invalid
                0x100001c0                __default_isrs_start
                0x100001c2                isr_nmi
                0x100001c4                isr_hardfault
                0x100001c6                isr_svcall
                0x100001c8                isr_pendsv
                0x100001ca                isr_systick
                0x100001cc                isr_irq23
                0x100001cc                isr_irq18
                0x100001cc                isr_irq11
                0x100001cc                isr_irq28
                0x100001cc                isr_irq19
                0x100001cc                isr_irq0
                0x100001cc                isr_irq6
                0x100001cc                isr_irq5
                0x100001cc                isr_irq12
                0x100001cc                isr_irq22
                0x100001cc                isr_irq31
                0x100001cc                isr_irq17
                0x100001cc                isr_irq27
                0x100001cc                isr_irq30
                0x100001cc                isr_irq2
                0x100001cc                isr_irq10
                0x100001cc                isr_irq8
                0x100001cc                isr_irq24
                0x100001cc                isr_irq1
                0x100001cc                isr_irq7
                0x100001cc                isr_irq21
                0x100001cc                isr_irq20
                0x100001cc                isr_irq15
                0x100001cc                isr_irq25
                0x100001cc                isr_irq13
                0x100001cc                __unhandled_user_irq
                0x100001cc                isr_irq4
                0x100001cc                isr_irq16
                0x100001cc                isr_irq29
                0x100001cc                isr_irq26
                0x100001cc                __default_isrs_end
                0x100001cc                isr_irq3
                0x100001cc                isr_irq14
                0x100001cc                isr_irq9
                0x100001d2                unhandled_user_irq_num_in_r0
 *(.binary_info_header)
 .binary_info_header
                0x100001d4       0x14 CMakeFiles/Atividade-03_02.dir/C_/Users/amand/.pico-sdk/sdk/2.1.0/src/rp2_common/pico_crt0/crt0.S.obj
                0x100001e8                        __binary_info_header_end = .
 *(.embedded_block)
                0x100001e8                        __embedded_block_end = .
 *(.reset)
 .reset         0x100001e8       0x9c CMakeFiles/Atividade-03_02.dir/C_/Users/amand/.pico-sdk/sdk/2.1.0/src/rp2_common/pico_crt0/crt0.S.obj
                0x100001e8                _entry_point
 *(.init)
 .init          0x10000284        0x4 C:/Users/amand/.pico-sdk/toolchain/13_3_Rel1/bin/../lib/gcc/arm-none-eabi/13.3.1/thumb/v6-m/nofp/crti.o
                0x10000284                _init
 *(EXCLUDE_FILE(*libm.a: *libc.a:*lib_a-mem*.o *libgcc.a:) .text*)
 .text.register_tm_clones
                0x10000288       0x28 C:/Users/amand/.pico-sdk/toolchain/13_3_Rel1/bin/../lib/gcc/arm-none-eabi/13.3.1/thumb/v6-m/nofp/crtbegin.o
 .text.frame_dummy
                0x100002b0       0x24 C:/Users/amand/.pico-sdk/toolchain/13_3_Rel1/bin/../lib/gcc/arm-none-eabi/13.3.1/thumb/v6-m/nofp/crtbegin.o
 .text.handler_gpio
                0x100002d4      0x228 CMakeFiles/Atividade-03_02.dir/Atividade-03_02.c.obj
 .text.exibir_numero
                0x100004fc     0x2214 CMakeFiles/Atividade-03_02.dir/Atividade-03_02.c.obj
                0x100004fc                exibir_numero
 .text.startup.main
                0x10002710      0x3c0 CMakeFiles/Atividade-03_02.dir/Atividade-03_02.c.obj
                0x10002710                main
 .text.ssd1306_config
                0x10002ad0      0x1d0 CMakeFiles/Atividade-03_02.dir/inc/ssd1306.c.obj
                0x10002ad0                ssd1306_config
 .text.ssd1306_send_data
                0x10002ca0       0x8c CMakeFiles/Atividade-03_02.dir/inc/ssd1306.c.obj
                0x10002ca0                ssd1306_send_data
 .text.ssd1306_fill
                0x10002d2c       0x80 CMakeFiles/Atividade-03_02.dir/inc/ssd1306.c.obj
                0x10002d2c                ssd1306_fill
 .text.ssd1306_rect
                0x10002dac      0x28c CMakeFiles/Atividade-03_02.dir/inc/ssd1306.c.obj
                0x10002dac                ssd1306_rect
 .text.ssd1306_draw_char
                0x10003038      0x270 CMakeFiles/Atividade-03_02.dir/inc/ssd1306.c.obj
                0x10003038                ssd1306_draw_char
 .text.ssd1306_draw_string
                0x100032a8       0x40 CMakeFiles/Atividade-03_02.dir/inc/ssd1306.c.obj
                0x100032a8                ssd1306_draw_string
 .text.ssd1306_init_config_clean
                0x100032e8       0xc8 CMakeFiles/Atividade-03_02.dir/inc/ssd1306.c.obj
                0x100032e8                ssd1306_init_config_clean
 .text.gpio_default_irq_handler
                0x100033b0      0x274 CMakeFiles/Atividade-03_02.dir/C_/Users/amand/.pico-sdk/sdk/2.1.0/src/rp2_common/hardware_gpio/gpio.c.obj
 .text.gpio_set_function
                0x10003624       0x34 CMakeFiles/Atividade-03_02.dir/C_/Users/amand/.pico-sdk/sdk/2.1.0/src/rp2_common/hardware_gpio/gpio.c.obj
                0x10003624                gpio_set_function
 .text.gpio_set_pulls
                0x10003658       0x28 CMakeFiles/Atividade-03_02.dir/C_/Users/amand/.pico-sdk/sdk/2.1.0/src/rp2_common/hardware_gpio/gpio.c.obj
                0x10003658                gpio_set_pulls
 .text.gpio_set_irq_enabled_with_callback
                0x10003680       0xd0 CMakeFiles/Atividade-03_02.dir/C_/Users/amand/.pico-sdk/sdk/2.1.0/src/rp2_common/hardware_gpio/gpio.c.obj
                0x10003680                gpio_set_irq_enabled_with_callback
 .text.gpio_init
                0x10003750       0x40 CMakeFiles/Atividade-03_02.dir/C_/Users/amand/.pico-sdk/sdk/2.1.0/src/rp2_common/hardware_gpio/gpio.c.obj
                0x10003750                gpio_init
 .text.rp2040_chip_version
                0x10003790        0xc CMakeFiles/Atividade-03_02.dir/C_/Users/amand/.pico-sdk/sdk/2.1.0/src/rp2040/pico_platform/platform.c.obj
                0x10003790                rp2040_chip_version
 .text.panic    0x1000379c       0x30 CMakeFiles/Atividade-03_02.dir/C_/Users/amand/.pico-sdk/sdk/2.1.0/src/rp2_common/pico_platform_panic/panic.c.obj
                0x1000379c                panic
 .text.hw_claim_lock
                0x100037cc       0x18 CMakeFiles/Atividade-03_02.dir/C_/Users/amand/.pico-sdk/sdk/2.1.0/src/common/hardware_claim/claim.c.obj
                0x100037cc                hw_claim_lock
 .text.hw_claim_unlock
                0x100037e4       0x14 CMakeFiles/Atividade-03_02.dir/C_/Users/amand/.pico-sdk/sdk/2.1.0/src/common/hardware_claim/claim.c.obj
                0x100037e4                hw_claim_unlock
 .text.hw_claim_or_assert
                0x100037f8       0x44 CMakeFiles/Atividade-03_02.dir/C_/Users/amand/.pico-sdk/sdk/2.1.0/src/common/hardware_claim/claim.c.obj
                0x100037f8                hw_claim_or_assert
 .text.hw_claim_unused_from_range
                0x1000383c       0x9c CMakeFiles/Atividade-03_02.dir/C_/Users/amand/.pico-sdk/sdk/2.1.0/src/common/hardware_claim/claim.c.obj
                0x1000383c                hw_claim_unused_from_range
 .text.next_striped_spin_lock_num
                0x100038d8       0x18 CMakeFiles/Atividade-03_02.dir/C_/Users/amand/.pico-sdk/sdk/2.1.0/src/rp2_common/hardware_sync/sync.c.obj
                0x100038d8                next_striped_spin_lock_num
 .text.spin_lock_claim_unused
                0x100038f0       0x24 CMakeFiles/Atividade-03_02.dir/C_/Users/amand/.pico-sdk/sdk/2.1.0/src/rp2_common/hardware_sync/sync.c.obj
                0x100038f0                spin_lock_claim_unused
 .text.spin_locks_reset
                0x10003914       0x1c CMakeFiles/Atividade-03_02.dir/C_/Users/amand/.pico-sdk/sdk/2.1.0/src/rp2_common/hardware_sync_spin_lock/sync_spin_lock.c.obj
                0x10003914                spin_locks_reset
 .text.runtime_init_per_core_irq_priorities
                0x10003930       0x24 CMakeFiles/Atividade-03_02.dir/C_/Users/amand/.pico-sdk/sdk/2.1.0/src/rp2_common/hardware_irq/irq.c.obj
                0x10003930                runtime_init_per_core_irq_priorities
 .text.irq_set_enabled
                0x10003954       0x24 CMakeFiles/Atividade-03_02.dir/C_/Users/amand/.pico-sdk/sdk/2.1.0/src/rp2_common/hardware_irq/irq.c.obj
                0x10003954                irq_set_enabled
 .text.irq_is_enabled
                0x10003978       0x18 CMakeFiles/Atividade-03_02.dir/C_/Users/amand/.pico-sdk/sdk/2.1.0/src/rp2_common/hardware_irq/irq.c.obj
                0x10003978                irq_is_enabled
 .text.irq_set_pending
                0x10003990       0x10 CMakeFiles/Atividade-03_02.dir/C_/Users/amand/.pico-sdk/sdk/2.1.0/src/rp2_common/hardware_irq/irq.c.obj
                0x10003990                irq_set_pending
 .text.irq_has_shared_handler
                0x100039a0       0x2c CMakeFiles/Atividade-03_02.dir/C_/Users/amand/.pico-sdk/sdk/2.1.0/src/rp2_common/hardware_irq/irq.c.obj
                0x100039a0                irq_has_shared_handler
 .text.irq_set_exclusive_handler
                0x100039cc       0x54 CMakeFiles/Atividade-03_02.dir/C_/Users/amand/.pico-sdk/sdk/2.1.0/src/rp2_common/hardware_irq/irq.c.obj
                0x100039cc                irq_set_exclusive_handler
 .text.irq_add_shared_handler
                0x10003a20      0x1f4 CMakeFiles/Atividade-03_02.dir/C_/Users/amand/.pico-sdk/sdk/2.1.0/src/rp2_common/hardware_irq/irq.c.obj
                0x10003a20                irq_add_shared_handler
 .text.irq_remove_handler
                0x10003c14      0x1d4 CMakeFiles/Atividade-03_02.dir/C_/Users/amand/.pico-sdk/sdk/2.1.0/src/rp2_common/hardware_irq/irq.c.obj
                0x10003c14                irq_remove_handler
 .text.irq_add_tail_to_free_list
                0x10003de8       0xb4 CMakeFiles/Atividade-03_02.dir/C_/Users/amand/.pico-sdk/sdk/2.1.0/src/rp2_common/hardware_irq/irq.c.obj
                0x10003de8                irq_add_tail_to_free_list
 .text.user_irq_claim_unused
                0x10003e9c       0x2c CMakeFiles/Atividade-03_02.dir/C_/Users/amand/.pico-sdk/sdk/2.1.0/src/rp2_common/hardware_irq/irq.c.obj
                0x10003e9c                user_irq_claim_unused
 .text.lock_init
                0x10003ec8       0x10 CMakeFiles/Atividade-03_02.dir/C_/Users/amand/.pico-sdk/sdk/2.1.0/src/common/pico_sync/lock_core.c.obj
                0x10003ec8                lock_init
 .text.runtime_init_mutex
                0x10003ed8       0x50 CMakeFiles/Atividade-03_02.dir/C_/Users/amand/.pico-sdk/sdk/2.1.0/src/common/pico_sync/mutex.c.obj
                0x10003ed8                runtime_init_mutex
 .text.mutex_init
                0x10003f28       0x1c CMakeFiles/Atividade-03_02.dir/C_/Users/amand/.pico-sdk/sdk/2.1.0/src/common/pico_sync/mutex.c.obj
                0x10003f28                mutex_init
 .text.critical_section_init
                0x10003f44       0x1c CMakeFiles/Atividade-03_02.dir/C_/Users/amand/.pico-sdk/sdk/2.1.0/src/common/pico_sync/critical_section.c.obj
                0x10003f44                critical_section_init
 .text.critical_section_init_with_lock_num
                0x10003f60       0x14 CMakeFiles/Atividade-03_02.dir/C_/Users/amand/.pico-sdk/sdk/2.1.0/src/common/pico_sync/critical_section.c.obj
                0x10003f60                critical_section_init_with_lock_num
 .text.sleep_until_callback
                0x10003f74       0x30 CMakeFiles/Atividade-03_02.dir/C_/Users/amand/.pico-sdk/sdk/2.1.0/src/common/pico_time/time.c.obj
 .text.alarm_pool_irq_handler
                0x10003fa4      0x2fc CMakeFiles/Atividade-03_02.dir/C_/Users/amand/.pico-sdk/sdk/2.1.0/src/common/pico_time/time.c.obj
 .text.runtime_init_default_alarm_pool
                0x100042a0       0xdc CMakeFiles/Atividade-03_02.dir/C_/Users/amand/.pico-sdk/sdk/2.1.0/src/common/pico_time/time.c.obj
                0x100042a0                runtime_init_default_alarm_pool
 .text.alarm_pool_get_default
                0x1000437c        0x8 CMakeFiles/Atividade-03_02.dir/C_/Users/amand/.pico-sdk/sdk/2.1.0/src/common/pico_time/time.c.obj
                0x1000437c                alarm_pool_get_default
 .text.alarm_pool_add_alarm_at
                0x10004384       0xd4 CMakeFiles/Atividade-03_02.dir/C_/Users/amand/.pico-sdk/sdk/2.1.0/src/common/pico_time/time.c.obj
                0x10004384                alarm_pool_add_alarm_at
 .text.alarm_pool_add_alarm_at_force_in_context
                0x10004458       0xb0 CMakeFiles/Atividade-03_02.dir/C_/Users/amand/.pico-sdk/sdk/2.1.0/src/common/pico_time/time.c.obj
                0x10004458                alarm_pool_add_alarm_at_force_in_context
 .text.alarm_pool_cancel_alarm
                0x10004508       0x74 CMakeFiles/Atividade-03_02.dir/C_/Users/amand/.pico-sdk/sdk/2.1.0/src/common/pico_time/time.c.obj
                0x10004508                alarm_pool_cancel_alarm
 .text.alarm_pool_core_num
                0x1000457c        0x4 CMakeFiles/Atividade-03_02.dir/C_/Users/amand/.pico-sdk/sdk/2.1.0/src/common/pico_time/time.c.obj
                0x1000457c                alarm_pool_core_num
 .text.best_effort_wfe_or_timeout
                0x10004580       0xe0 CMakeFiles/Atividade-03_02.dir/C_/Users/amand/.pico-sdk/sdk/2.1.0/src/common/pico_time/time.c.obj
                0x10004580                best_effort_wfe_or_timeout
 .text.timer_hardware_alarm_claim
                0x10004660       0x14 CMakeFiles/Atividade-03_02.dir/C_/Users/amand/.pico-sdk/sdk/2.1.0/src/rp2_common/hardware_timer/timer.c.obj
                0x10004660                timer_hardware_alarm_claim
 .text.timer_time_us_64
                0x10004674       0x10 CMakeFiles/Atividade-03_02.dir/C_/Users/amand/.pico-sdk/sdk/2.1.0/src/rp2_common/hardware_timer/timer.c.obj
                0x10004674                timer_time_us_64
 .text.time_us_64
                0x10004684       0x14 CMakeFiles/Atividade-03_02.dir/C_/Users/amand/.pico-sdk/sdk/2.1.0/src/rp2_common/hardware_timer/timer.c.obj
                0x10004684                time_us_64
 .text.busy_wait_us
                0x10004698       0x68 CMakeFiles/Atividade-03_02.dir/C_/Users/amand/.pico-sdk/sdk/2.1.0/src/rp2_common/hardware_timer/timer.c.obj
                0x10004698                busy_wait_us
 .text.uart_init
                0x10004700      0x120 CMakeFiles/Atividade-03_02.dir/C_/Users/amand/.pico-sdk/sdk/2.1.0/src/rp2_common/hardware_uart/uart.c.obj
                0x10004700                uart_init
 .text.clock_configure_int_divider
                0x10004820       0xf4 CMakeFiles/Atividade-03_02.dir/C_/Users/amand/.pico-sdk/sdk/2.1.0/src/rp2_common/hardware_clocks/clocks.c.obj
                0x10004820                clock_configure_int_divider
 .text.clock_configure_undivided
                0x10004914       0xe8 CMakeFiles/Atividade-03_02.dir/C_/Users/amand/.pico-sdk/sdk/2.1.0/src/rp2_common/hardware_clocks/clocks.c.obj
                0x10004914                clock_configure_undivided
 .text.clock_get_hz
                0x100049fc        0xc CMakeFiles/Atividade-03_02.dir/C_/Users/amand/.pico-sdk/sdk/2.1.0/src/rp2_common/hardware_clocks/clocks.c.obj
                0x100049fc                clock_get_hz
 .text.pll_init
                0x10004a08       0xa4 CMakeFiles/Atividade-03_02.dir/C_/Users/amand/.pico-sdk/sdk/2.1.0/src/rp2_common/hardware_pll/pll.c.obj
                0x10004a08                pll_init
 .text.watchdog_reboot
                0x10004aac       0x9c CMakeFiles/Atividade-03_02.dir/C_/Users/amand/.pico-sdk/sdk/2.1.0/src/rp2_common/hardware_watchdog/watchdog.c.obj
                0x10004aac                watchdog_reboot
 .text.tick_start
                0x10004b48       0x10 CMakeFiles/Atividade-03_02.dir/C_/Users/amand/.pico-sdk/sdk/2.1.0/src/rp2_common/hardware_ticks/ticks.c.obj
                0x10004b48                tick_start
 .text.rom_func_lookup
                0x10004b58       0x10 CMakeFiles/Atividade-03_02.dir/C_/Users/amand/.pico-sdk/sdk/2.1.0/src/rp2_common/pico_bootrom/bootrom.c.obj
                0x10004b58                rom_func_lookup
 .text.rom_data_lookup
                0x10004b68       0x10 CMakeFiles/Atividade-03_02.dir/C_/Users/amand/.pico-sdk/sdk/2.1.0/src/rp2_common/pico_bootrom/bootrom.c.obj
                0x10004b68                rom_data_lookup
 .text.rom_funcs_lookup
                0x10004b78       0x44 CMakeFiles/Atividade-03_02.dir/C_/Users/amand/.pico-sdk/sdk/2.1.0/src/rp2_common/pico_bootrom/bootrom.c.obj
                0x10004b78                rom_funcs_lookup
 .text.rom_reset_usb_boot
                0x10004bbc       0x20 CMakeFiles/Atividade-03_02.dir/C_/Users/amand/.pico-sdk/sdk/2.1.0/src/rp2_common/pico_bootrom/bootrom.c.obj
                0x10004bbc                rom_reset_usb_boot
 .text.rom_reset_usb_boot_extra
                0x10004bdc       0x28 CMakeFiles/Atividade-03_02.dir/C_/Users/amand/.pico-sdk/sdk/2.1.0/src/rp2_common/pico_bootrom/bootrom.c.obj
                0x10004bdc                rom_reset_usb_boot_extra
 .text.xosc_init
                0x10004c04       0x28 CMakeFiles/Atividade-03_02.dir/C_/Users/amand/.pico-sdk/sdk/2.1.0/src/rp2_common/hardware_xosc/xosc.c.obj
                0x10004c04                xosc_init
 .text.first_per_core_initializer
                0x10004c2c        0x4 CMakeFiles/Atividade-03_02.dir/C_/Users/amand/.pico-sdk/sdk/2.1.0/src/rp2_common/pico_runtime/runtime.c.obj
 .text.hard_assertion_failure
                0x10004c30        0xc CMakeFiles/Atividade-03_02.dir/C_/Users/amand/.pico-sdk/sdk/2.1.0/src/rp2_common/pico_runtime/runtime.c.obj
                0x10004c30                hard_assertion_failure
 .text.runtime_run_initializers
                0x10004c3c       0x28 CMakeFiles/Atividade-03_02.dir/C_/Users/amand/.pico-sdk/sdk/2.1.0/src/rp2_common/pico_runtime/runtime.c.obj
                0x10004c3c                runtime_run_initializers
 .text.runtime_init_early_resets
                0x10004c64       0x2c CMakeFiles/Atividade-03_02.dir/C_/Users/amand/.pico-sdk/sdk/2.1.0/src/rp2_common/pico_runtime_init/runtime_init.c.obj
                0x10004c64                runtime_init_early_resets
 .text.runtime_init_usb_power_down
                0x10004c90       0x1c CMakeFiles/Atividade-03_02.dir/C_/Users/amand/.pico-sdk/sdk/2.1.0/src/rp2_common/pico_runtime_init/runtime_init.c.obj
                0x10004c90                runtime_init_usb_power_down
 .text.runtime_init_post_clock_resets
                0x10004cac       0x20 CMakeFiles/Atividade-03_02.dir/C_/Users/amand/.pico-sdk/sdk/2.1.0/src/rp2_common/pico_runtime_init/runtime_init.c.obj
                0x10004cac                runtime_init_post_clock_resets
 .text.runtime_init_rp2040_gpio_ie_disable
                0x10004ccc       0x14 CMakeFiles/Atividade-03_02.dir/C_/Users/amand/.pico-sdk/sdk/2.1.0/src/rp2_common/pico_runtime_init/runtime_init.c.obj
                0x10004ccc                runtime_init_rp2040_gpio_ie_disable
 .text.runtime_init_spin_locks_reset
                0x10004ce0        0x8 CMakeFiles/Atividade-03_02.dir/C_/Users/amand/.pico-sdk/sdk/2.1.0/src/rp2_common/pico_runtime_init/runtime_init.c.obj
                0x10004ce0                runtime_init_spin_locks_reset
 .text.runtime_init_install_ram_vector_table
                0x10004ce8       0x1c CMakeFiles/Atividade-03_02.dir/C_/Users/amand/.pico-sdk/sdk/2.1.0/src/rp2_common/pico_runtime_init/runtime_init.c.obj
                0x10004ce8                runtime_init_install_ram_vector_table
 .text.runtime_init_clocks
                0x10004d04       0xd8 CMakeFiles/Atividade-03_02.dir/C_/Users/amand/.pico-sdk/sdk/2.1.0/src/rp2_common/pico_runtime_init/runtime_init_clocks.c.obj
                0x10004d04                runtime_init_clocks
 .text          0x10004ddc       0x10 CMakeFiles/Atividade-03_02.dir/C_/Users/amand/.pico-sdk/sdk/2.1.0/src/rp2_common/pico_bit_ops/bit_ops_aeabi.S.obj
 .text.__wrap___aeabi_idiv
                0x10004dec       0x50 CMakeFiles/Atividade-03_02.dir/C_/Users/amand/.pico-sdk/sdk/2.1.0/src/rp2_common/pico_divider/divider_hardware.S.obj
                0x10004dec                __wrap___aeabi_idivmod
                0x10004dec                divmod_s32s32
                0x10004dec                div_s32s32
                0x10004dec                __wrap___aeabi_idiv
                0x10004df4                divmod_s32s32_unsafe
                0x10004e20                divmod_s32s32_savestate
 .text.__wrap___aeabi_uidiv
                0x10004e3c       0x4c CMakeFiles/Atividade-03_02.dir/C_/Users/amand/.pico-sdk/sdk/2.1.0/src/rp2_common/pico_divider/divider_hardware.S.obj
                0x10004e3c                __wrap___aeabi_uidiv
                0x10004e3c                __wrap___aeabi_uidivmod
                0x10004e3c                div_u32u32
                0x10004e3c                divmod_u32u32
                0x10004e44                divmod_u32u32_unsafe
                0x10004e6c                divmod_u32u32_savestate
 .text.__wrap___aeabi_ldiv
                0x10004e88      0x424 CMakeFiles/Atividade-03_02.dir/C_/Users/amand/.pico-sdk/sdk/2.1.0/src/rp2_common/pico_divider/divider_hardware.S.obj
                0x10004e88                div_s64s64
                0x10004e88                divmod_s64s64
                0x10004e88                __wrap___aeabi_ldivmod
                0x10004eb8                divmod_u64u64
                0x10004eb8                div_u64u64
                0x10004eb8                __wrap___aeabi_uldivmod
                0x10004ec8                divmod_u64u64_savestate
                0x10004ee8                divmod_s64s64_unsafe
                0x10004f70                divmod_u64u64_unsafe
 .text.__wrap___aeabi_darithmetic
                0x100052ac       0x60 CMakeFiles/Atividade-03_02.dir/C_/Users/amand/.pico-sdk/sdk/2.1.0/src/rp2_common/pico_double/double_aeabi_rp2040.S.obj
                0x100052ac                __wrap___aeabi_drsub
                0x100052b2                __wrap___aeabi_dsub
                0x100052bc                __wrap___aeabi_dadd
                0x100052c6                __wrap___aeabi_ddiv
                0x100052fa                __wrap___aeabi_dmul
 .text.__wrap___aeabi_cdcmple
                0x1000530c       0x6c CMakeFiles/Atividade-03_02.dir/C_/Users/amand/.pico-sdk/sdk/2.1.0/src/rp2_common/pico_double/double_aeabi_rp2040.S.obj
                0x1000530c                __wrap___aeabi_cdrcmple
                0x1000531c                __wrap___aeabi_cdcmpeq
                0x1000531c                __wrap___aeabi_cdcmple
 .text.__wrap___aeabi_dcmpeq
                0x10005378       0x10 CMakeFiles/Atividade-03_02.dir/C_/Users/amand/.pico-sdk/sdk/2.1.0/src/rp2_common/pico_double/double_aeabi_rp2040.S.obj
                0x10005378                __wrap___aeabi_dcmpeq
 .text.__wrap___aeabi_dcmplt
                0x10005388        0xc CMakeFiles/Atividade-03_02.dir/C_/Users/amand/.pico-sdk/sdk/2.1.0/src/rp2_common/pico_double/double_aeabi_rp2040.S.obj
                0x10005388                __wrap___aeabi_dcmplt
 .text.__wrap___aeabi_dcmple
                0x10005394       0x10 CMakeFiles/Atividade-03_02.dir/C_/Users/amand/.pico-sdk/sdk/2.1.0/src/rp2_common/pico_double/double_aeabi_rp2040.S.obj
                0x10005394                __wrap___aeabi_dcmple
 .text.__wrap___aeabi_dcmpge
                0x100053a4       0x10 CMakeFiles/Atividade-03_02.dir/C_/Users/amand/.pico-sdk/sdk/2.1.0/src/rp2_common/pico_double/double_aeabi_rp2040.S.obj
                0x100053a4                __wrap___aeabi_dcmpge
 .text.__wrap___aeabi_dcmpgt
                0x100053b4        0xa CMakeFiles/Atividade-03_02.dir/C_/Users/amand/.pico-sdk/sdk/2.1.0/src/rp2_common/pico_double/double_aeabi_rp2040.S.obj
                0x100053b4                __wrap___aeabi_dcmpgt
 .text.__wrap___aeabi_dcmpun
                0x100053be       0x18 CMakeFiles/Atividade-03_02.dir/C_/Users/amand/.pico-sdk/sdk/2.1.0/src/rp2_common/pico_double/double_aeabi_rp2040.S.obj
                0x100053be                __wrap___aeabi_dcmpun
 *fill*         0x100053d6        0x2 
 .text.__wrap___aeabi_i2d
                0x100053d8       0x38 CMakeFiles/Atividade-03_02.dir/C_/Users/amand/.pico-sdk/sdk/2.1.0/src/rp2_common/pico_double/double_aeabi_rp2040.S.obj
                0x100053d8                __wrap___aeabi_ui2d
                0x100053e0                __wrap___aeabi_i2d
 .text.__wrap___aeabi_d2iz
                0x10005410       0x48 CMakeFiles/Atividade-03_02.dir/C_/Users/amand/.pico-sdk/sdk/2.1.0/src/rp2_common/pico_double/double_aeabi_rp2040.S.obj
                0x10005410                double2int_z
                0x10005410                __wrap___aeabi_d2iz
 .text.__wrap___aeabi_d2uiz
                0x10005458       0x10 CMakeFiles/Atividade-03_02.dir/C_/Users/amand/.pico-sdk/sdk/2.1.0/src/rp2_common/pico_double/double_aeabi_rp2040.S.obj
                0x10005458                __wrap___aeabi_d2uiz
                0x10005458                double2uint
 .text.__wrap___aeabi_l2d
                0x10005468       0x10 CMakeFiles/Atividade-03_02.dir/C_/Users/amand/.pico-sdk/sdk/2.1.0/src/rp2_common/pico_double/double_aeabi_rp2040.S.obj
                0x10005468                __wrap___aeabi_l2d
 .text.__wrap___aeabi_d2lz
                0x10005478       0x26 CMakeFiles/Atividade-03_02.dir/C_/Users/amand/.pico-sdk/sdk/2.1.0/src/rp2_common/pico_double/double_aeabi_rp2040.S.obj
                0x10005478                double2int64_z
                0x10005478                __wrap___aeabi_d2lz
 *fill*         0x1000549e        0x2 
 .text.double2int64
                0x100054a0       0x10 CMakeFiles/Atividade-03_02.dir/C_/Users/amand/.pico-sdk/sdk/2.1.0/src/rp2_common/pico_double/double_aeabi_rp2040.S.obj
                0x100054a0                double2int64
 .text.double2ufix64
                0x100054b0       0x10 CMakeFiles/Atividade-03_02.dir/C_/Users/amand/.pico-sdk/sdk/2.1.0/src/rp2_common/pico_double/double_aeabi_rp2040.S.obj
                0x100054b0                double2ufix64
 .text.__wrap___aeabi_d2f
                0x100054c0       0x10 CMakeFiles/Atividade-03_02.dir/C_/Users/amand/.pico-sdk/sdk/2.1.0/src/rp2_common/pico_double/double_aeabi_rp2040.S.obj
                0x100054c0                __wrap___aeabi_d2f
 .text.missing_double_func_shim
                0x100054d0        0xc CMakeFiles/Atividade-03_02.dir/C_/Users/amand/.pico-sdk/sdk/2.1.0/src/rp2_common/pico_double/double_init_rom_rp2040.c.obj
 .text.__aeabi_double_init
                0x100054dc       0xa0 CMakeFiles/Atividade-03_02.dir/C_/Users/amand/.pico-sdk/sdk/2.1.0/src/rp2_common/pico_double/double_init_rom_rp2040.c.obj
                0x100054dc                __aeabi_double_init
 .text.double_table_shim_on_use_helper
                0x1000557c       0x2c CMakeFiles/Atividade-03_02.dir/C_/Users/amand/.pico-sdk/sdk/2.1.0/src/rp2_common/pico_double/double_v1_rom_shim_rp2040.S.obj
                0x1000557c                double_table_shim_on_use_helper
 .text.__aeabi_lmul
                0x100055a8       0x32 CMakeFiles/Atividade-03_02.dir/C_/Users/amand/.pico-sdk/sdk/2.1.0/src/rp2_common/pico_int64_ops/pico_int64_ops_aeabi.S.obj
                0x100055a8                __wrap___aeabi_lmul
 *fill*         0x100055da        0x2 
 .text.__wrap___aeabi_farithmetic
                0x100055dc       0x48 CMakeFiles/Atividade-03_02.dir/C_/Users/amand/.pico-sdk/sdk/2.1.0/src/rp2_common/pico_float/float_aeabi_rp2040.S.obj
                0x100055dc                __wrap___aeabi_frsub
                0x100055e2                __wrap___aeabi_fsub
                0x100055e8                __wrap___aeabi_fadd
                0x100055ee                __wrap___aeabi_fdiv
                0x10005616                __wrap___aeabi_fmul
 .text.__wrap___aeabi_ui2f
                0x10005624        0xa CMakeFiles/Atividade-03_02.dir/C_/Users/amand/.pico-sdk/sdk/2.1.0/src/rp2_common/pico_float/float_aeabi_rp2040.S.obj
                0x10005624                __wrap___aeabi_ui2f
                0x10005624                uint2float
 *fill*         0x1000562e        0x2 
 .text.__wrap___aeabi_i2f
                0x10005630       0x44 CMakeFiles/Atividade-03_02.dir/C_/Users/amand/.pico-sdk/sdk/2.1.0/src/rp2_common/pico_float/float_aeabi_rp2040.S.obj
                0x10005630                __wrap___aeabi_i2f
                0x10005630                int2float
 .text.__wrap___aeabi_f2uiz
                0x10005674        0xc CMakeFiles/Atividade-03_02.dir/C_/Users/amand/.pico-sdk/sdk/2.1.0/src/rp2_common/pico_float/float_aeabi_rp2040.S.obj
                0x10005674                __wrap___aeabi_f2uiz
                0x10005674                float2uint_z
 .text.missing_float_func_shim
                0x10005680        0xc CMakeFiles/Atividade-03_02.dir/C_/Users/amand/.pico-sdk/sdk/2.1.0/src/rp2_common/pico_float/float_init_rom_rp2040.c.obj
 .text.__aeabi_float_init
                0x1000568c       0x5c CMakeFiles/Atividade-03_02.dir/C_/Users/amand/.pico-sdk/sdk/2.1.0/src/rp2_common/pico_float/float_init_rom_rp2040.c.obj
                0x1000568c                __aeabi_float_init
 .text.__wrap_malloc
                0x100056e8       0x24 CMakeFiles/Atividade-03_02.dir/C_/Users/amand/.pico-sdk/sdk/2.1.0/src/rp2_common/pico_malloc/malloc.c.obj
                0x100056e8                __wrap_malloc
 .text.__wrap_calloc
                0x1000570c       0x28 CMakeFiles/Atividade-03_02.dir/C_/Users/amand/.pico-sdk/sdk/2.1.0/src/rp2_common/pico_malloc/malloc.c.obj
                0x1000570c                __wrap_calloc
 .text.__wrap_realloc
                0x10005734       0x24 CMakeFiles/Atividade-03_02.dir/C_/Users/amand/.pico-sdk/sdk/2.1.0/src/rp2_common/pico_malloc/malloc.c.obj
                0x10005734                __wrap_realloc
 .text.__wrap_free
                0x10005758        0x8 CMakeFiles/Atividade-03_02.dir/C_/Users/amand/.pico-sdk/sdk/2.1.0/src/rp2_common/pico_malloc/malloc.c.obj
                0x10005758                __wrap_free
 .text          0x10005760       0x10 CMakeFiles/Atividade-03_02.dir/C_/Users/amand/.pico-sdk/sdk/2.1.0/src/rp2_common/pico_mem_ops/mem_ops_aeabi.S.obj
                0x10005760                __aeabi_mem_init
 .text.memset   0x10005770        0xc CMakeFiles/Atividade-03_02.dir/C_/Users/amand/.pico-sdk/sdk/2.1.0/src/rp2_common/pico_mem_ops/mem_ops_aeabi.S.obj
                0x10005770                __wrap_memset
 .text.memcpy   0x1000577c        0xc CMakeFiles/Atividade-03_02.dir/C_/Users/amand/.pico-sdk/sdk/2.1.0/src/rp2_common/pico_mem_ops/mem_ops_aeabi.S.obj
                0x1000577c                __wrap_memcpy
                0x1000577c                __wrap___aeabi_memcpy
 .text._out_buffer
                0x10005788        0x8 CMakeFiles/Atividade-03_02.dir/C_/Users/amand/.pico-sdk/sdk/2.1.0/src/rp2_common/pico_printf/printf.c.obj
 .text._out_null
                0x10005790        0x4 CMakeFiles/Atividade-03_02.dir/C_/Users/amand/.pico-sdk/sdk/2.1.0/src/rp2_common/pico_printf/printf.c.obj
 .text._out_rev
                0x10005794       0xac CMakeFiles/Atividade-03_02.dir/C_/Users/amand/.pico-sdk/sdk/2.1.0/src/rp2_common/pico_printf/printf.c.obj
 .text._ntoa_format
                0x10005840      0x250 CMakeFiles/Atividade-03_02.dir/C_/Users/amand/.pico-sdk/sdk/2.1.0/src/rp2_common/pico_printf/printf.c.obj
 .text._out_char
                0x10005a90       0x10 CMakeFiles/Atividade-03_02.dir/C_/Users/amand/.pico-sdk/sdk/2.1.0/src/rp2_common/pico_printf/printf.c.obj
 .text._out_fct
                0x10005aa0       0x10 CMakeFiles/Atividade-03_02.dir/C_/Users/amand/.pico-sdk/sdk/2.1.0/src/rp2_common/pico_printf/printf.c.obj
 .text._etoa    0x10005ab0      0x464 CMakeFiles/Atividade-03_02.dir/C_/Users/amand/.pico-sdk/sdk/2.1.0/src/rp2_common/pico_printf/printf.c.obj
 .text._ftoa    0x10005f14      0x3c0 CMakeFiles/Atividade-03_02.dir/C_/Users/amand/.pico-sdk/sdk/2.1.0/src/rp2_common/pico_printf/printf.c.obj
 .text._vsnprintf
                0x100062d4      0xbc8 CMakeFiles/Atividade-03_02.dir/C_/Users/amand/.pico-sdk/sdk/2.1.0/src/rp2_common/pico_printf/printf.c.obj
 .text.__wrap_sprintf
                0x10006e9c       0x2c CMakeFiles/Atividade-03_02.dir/C_/Users/amand/.pico-sdk/sdk/2.1.0/src/rp2_common/pico_printf/printf.c.obj
                0x10006e9c                __wrap_sprintf
 .text.vfctprintf
                0x10006ec8       0x20 CMakeFiles/Atividade-03_02.dir/C_/Users/amand/.pico-sdk/sdk/2.1.0/src/rp2_common/pico_printf/printf.c.obj
                0x10006ec8                vfctprintf
 .text.weak_raw_printf
                0x10006ee8       0x40 CMakeFiles/Atividade-03_02.dir/C_/Users/amand/.pico-sdk/sdk/2.1.0/src/rp2_common/pico_printf/printf.c.obj
                0x10006ee8                weak_raw_printf
 .text.weak_raw_vprintf
                0x10006f28       0x30 CMakeFiles/Atividade-03_02.dir/C_/Users/amand/.pico-sdk/sdk/2.1.0/src/rp2_common/pico_printf/printf.c.obj
                0x10006f28                weak_raw_vprintf
 .text._exit    0x10006f58        0x4 CMakeFiles/Atividade-03_02.dir/C_/Users/amand/.pico-sdk/sdk/2.1.0/src/rp2_common/pico_clib_interface/newlib_interface.c.obj
                0x10006f58                _exit
 .text._sbrk    0x10006f5c       0x34 CMakeFiles/Atividade-03_02.dir/C_/Users/amand/.pico-sdk/sdk/2.1.0/src/rp2_common/pico_clib_interface/newlib_interface.c.obj
                0x10006f5c                _sbrk
 .text.exit     0x10006f90        0x8 CMakeFiles/Atividade-03_02.dir/C_/Users/amand/.pico-sdk/sdk/2.1.0/src/rp2_common/pico_clib_interface/newlib_interface.c.obj
                0x10006f90                exit
 .text.__assert_func
                0x10006f98       0x38 CMakeFiles/Atividade-03_02.dir/C_/Users/amand/.pico-sdk/sdk/2.1.0/src/rp2_common/pico_clib_interface/newlib_interface.c.obj
                0x10006f98                __assert_func
 .text.runtime_init
                0x10006fd0       0x2c CMakeFiles/Atividade-03_02.dir/C_/Users/amand/.pico-sdk/sdk/2.1.0/src/rp2_common/pico_clib_interface/newlib_interface.c.obj
                0x10006fd0                runtime_init
 .text.stdio_out_chars_no_crlf
                0x10006ffc       0x10 CMakeFiles/Atividade-03_02.dir/C_/Users/amand/.pico-sdk/sdk/2.1.0/src/rp2_common/pico_stdio/stdio.c.obj
 .text.stdio_out_chars_crlf
                0x1000700c       0x94 CMakeFiles/Atividade-03_02.dir/C_/Users/amand/.pico-sdk/sdk/2.1.0/src/rp2_common/pico_stdio/stdio.c.obj
 .text.stdio_buffered_printer
                0x100070a0       0x64 CMakeFiles/Atividade-03_02.dir/C_/Users/amand/.pico-sdk/sdk/2.1.0/src/rp2_common/pico_stdio/stdio.c.obj
 .text.stdio_put_string
                0x10007104      0x100 CMakeFiles/Atividade-03_02.dir/C_/Users/amand/.pico-sdk/sdk/2.1.0/src/rp2_common/pico_stdio/stdio.c.obj
                0x10007104                stdio_put_string
 .text.stdio_set_driver_enabled
                0x10007204       0x30 CMakeFiles/Atividade-03_02.dir/C_/Users/amand/.pico-sdk/sdk/2.1.0/src/rp2_common/pico_stdio/stdio.c.obj
                0x10007204                stdio_set_driver_enabled
 .text.stdio_init_all
                0x10007234       0x10 CMakeFiles/Atividade-03_02.dir/C_/Users/amand/.pico-sdk/sdk/2.1.0/src/rp2_common/pico_stdio/stdio.c.obj
                0x10007234                stdio_init_all
 .text.__wrap_getchar
                0x10007244       0x7c CMakeFiles/Atividade-03_02.dir/C_/Users/amand/.pico-sdk/sdk/2.1.0/src/rp2_common/pico_stdio/stdio.c.obj
                0x10007244                stdio_getchar
                0x10007244                __wrap_getchar
 .text.__wrap_putchar
                0x100072c0       0x98 CMakeFiles/Atividade-03_02.dir/C_/Users/amand/.pico-sdk/sdk/2.1.0/src/rp2_common/pico_stdio/stdio.c.obj
                0x100072c0                __wrap_putchar
                0x100072c0                stdio_putchar
 .text.__wrap_puts
                0x10007358       0x3c CMakeFiles/Atividade-03_02.dir/C_/Users/amand/.pico-sdk/sdk/2.1.0/src/rp2_common/pico_stdio/stdio.c.obj
                0x10007358                stdio_puts
                0x10007358                __wrap_puts
 .text.__wrap_vprintf
                0x10007394       0xd4 CMakeFiles/Atividade-03_02.dir/C_/Users/amand/.pico-sdk/sdk/2.1.0/src/rp2_common/pico_stdio/stdio.c.obj
                0x10007394                stdio_vprintf
                0x10007394                __wrap_vprintf
 .text.__wrap_printf
                0x10007468       0x18 CMakeFiles/Atividade-03_02.dir/C_/Users/amand/.pico-sdk/sdk/2.1.0/src/rp2_common/pico_stdio/stdio.c.obj
                0x10007468                __wrap_printf
                0x10007468                stdio_printf
 .text.stdio_uart_out_chars
                0x10007480       0x4c CMakeFiles/Atividade-03_02.dir/C_/Users/amand/.pico-sdk/sdk/2.1.0/src/rp2_common/pico_stdio_uart/stdio_uart.c.obj
 .text.stdio_uart_in_chars
                0x100074cc       0x90 CMakeFiles/Atividade-03_02.dir/C_/Users/amand/.pico-sdk/sdk/2.1.0/src/rp2_common/pico_stdio_uart/stdio_uart.c.obj
                0x100074cc                stdio_uart_in_chars
 .text.on_uart_rx
                0x1000755c       0x28 CMakeFiles/Atividade-03_02.dir/C_/Users/amand/.pico-sdk/sdk/2.1.0/src/rp2_common/pico_stdio_uart/stdio_uart.c.obj
 .text.stdio_uart_out_flush
                0x10007584       0x14 CMakeFiles/Atividade-03_02.dir/C_/Users/amand/.pico-sdk/sdk/2.1.0/src/rp2_common/pico_stdio_uart/stdio_uart.c.obj
 .text.stdio_uart_set_chars_available_callback
                0x10007598       0x84 CMakeFiles/Atividade-03_02.dir/C_/Users/amand/.pico-sdk/sdk/2.1.0/src/rp2_common/pico_stdio_uart/stdio_uart.c.obj
 .text.stdio_uart_init
                0x1000761c       0x50 CMakeFiles/Atividade-03_02.dir/C_/Users/amand/.pico-sdk/sdk/2.1.0/src/rp2_common/pico_stdio_uart/stdio_uart.c.obj
                0x1000761c                stdio_uart_init
 .text.resetd_init
                0x1000766c        0x4 CMakeFiles/Atividade-03_02.dir/C_/Users/amand/.pico-sdk/sdk/2.1.0/src/rp2_common/pico_stdio_usb/reset_interface.c.obj
 .text.resetd_reset
                0x10007670        0xc CMakeFiles/Atividade-03_02.dir/C_/Users/amand/.pico-sdk/sdk/2.1.0/src/rp2_common/pico_stdio_usb/reset_interface.c.obj
 .text.resetd_open
                0x1000767c       0x28 CMakeFiles/Atividade-03_02.dir/C_/Users/amand/.pico-sdk/sdk/2.1.0/src/rp2_common/pico_stdio_usb/reset_interface.c.obj
 .text.resetd_xfer_cb
                0x100076a4        0x4 CMakeFiles/Atividade-03_02.dir/C_/Users/amand/.pico-sdk/sdk/2.1.0/src/rp2_common/pico_stdio_usb/reset_interface.c.obj
 .text.resetd_control_xfer_cb
                0x100076a8       0x5c CMakeFiles/Atividade-03_02.dir/C_/Users/amand/.pico-sdk/sdk/2.1.0/src/rp2_common/pico_stdio_usb/reset_interface.c.obj
 .text.tud_descriptor_bos_cb
                0x10007704        0x8 CMakeFiles/Atividade-03_02.dir/C_/Users/amand/.pico-sdk/sdk/2.1.0/src/rp2_common/pico_stdio_usb/reset_interface.c.obj
                0x10007704                tud_descriptor_bos_cb
 .text.tud_vendor_control_xfer_cb
                0x1000770c       0x34 CMakeFiles/Atividade-03_02.dir/C_/Users/amand/.pico-sdk/sdk/2.1.0/src/rp2_common/pico_stdio_usb/reset_interface.c.obj
                0x1000770c                tud_vendor_control_xfer_cb
 .text.usbd_app_driver_get_cb
                0x10007740        0xc CMakeFiles/Atividade-03_02.dir/C_/Users/amand/.pico-sdk/sdk/2.1.0/src/rp2_common/pico_stdio_usb/reset_interface.c.obj
                0x10007740                usbd_app_driver_get_cb
 .text.tud_cdc_line_coding_cb
                0x1000774c       0x2c CMakeFiles/Atividade-03_02.dir/C_/Users/amand/.pico-sdk/sdk/2.1.0/src/rp2_common/pico_stdio_usb/reset_interface.c.obj
                0x1000774c                tud_cdc_line_coding_cb
 .text.stdio_usb_set_chars_available_callback
                0x10007778       0x14 CMakeFiles/Atividade-03_02.dir/C_/Users/amand/.pico-sdk/sdk/2.1.0/src/rp2_common/pico_stdio_usb/stdio_usb.c.obj
                0x10007778                stdio_usb_set_chars_available_callback
 .text.usb_irq  0x1000778c       0x10 CMakeFiles/Atividade-03_02.dir/C_/Users/amand/.pico-sdk/sdk/2.1.0/src/rp2_common/pico_stdio_usb/stdio_usb.c.obj
 .text.timer_task
                0x1000779c       0x64 CMakeFiles/Atividade-03_02.dir/C_/Users/amand/.pico-sdk/sdk/2.1.0/src/rp2_common/pico_stdio_usb/stdio_usb.c.obj
 .text.stdio_usb_in_chars
                0x10007800       0x90 CMakeFiles/Atividade-03_02.dir/C_/Users/amand/.pico-sdk/sdk/2.1.0/src/rp2_common/pico_stdio_usb/stdio_usb.c.obj
                0x10007800                stdio_usb_in_chars
 .text.stdio_usb_out_flush
                0x10007890       0x50 CMakeFiles/Atividade-03_02.dir/C_/Users/amand/.pico-sdk/sdk/2.1.0/src/rp2_common/pico_stdio_usb/stdio_usb.c.obj
 .text.stdio_usb_out_chars
                0x100078e0      0x104 CMakeFiles/Atividade-03_02.dir/C_/Users/amand/.pico-sdk/sdk/2.1.0/src/rp2_common/pico_stdio_usb/stdio_usb.c.obj
 .text.low_priority_worker_irq
                0x100079e4       0xcc CMakeFiles/Atividade-03_02.dir/C_/Users/amand/.pico-sdk/sdk/2.1.0/src/rp2_common/pico_stdio_usb/stdio_usb.c.obj
 .text.stdio_usb_init
                0x10007ab0       0xe8 CMakeFiles/Atividade-03_02.dir/C_/Users/amand/.pico-sdk/sdk/2.1.0/src/rp2_common/pico_stdio_usb/stdio_usb.c.obj
                0x10007ab0                stdio_usb_init
 .text.stdio_usb_connected
                0x10007b98        0xc CMakeFiles/Atividade-03_02.dir/C_/Users/amand/.pico-sdk/sdk/2.1.0/src/rp2_common/pico_stdio_usb/stdio_usb.c.obj
                0x10007b98                stdio_usb_connected
 .text.tud_descriptor_device_cb
                0x10007ba4        0x8 CMakeFiles/Atividade-03_02.dir/C_/Users/amand/.pico-sdk/sdk/2.1.0/src/rp2_common/pico_stdio_usb/stdio_usb_descriptors.c.obj
                0x10007ba4                tud_descriptor_device_cb
 .text.tud_descriptor_configuration_cb
                0x10007bac        0x8 CMakeFiles/Atividade-03_02.dir/C_/Users/amand/.pico-sdk/sdk/2.1.0/src/rp2_common/pico_stdio_usb/stdio_usb_descriptors.c.obj
                0x10007bac                tud_descriptor_configuration_cb
 .text.tud_descriptor_string_cb
                0x10007bb4       0x78 CMakeFiles/Atividade-03_02.dir/C_/Users/amand/.pico-sdk/sdk/2.1.0/src/rp2_common/pico_stdio_usb/stdio_usb_descriptors.c.obj
                0x10007bb4                tud_descriptor_string_cb
 .text.startup._retrieve_unique_id_on_boot
                0x10007c2c       0x10 CMakeFiles/Atividade-03_02.dir/C_/Users/amand/.pico-sdk/sdk/2.1.0/src/rp2_common/pico_unique_id/unique_id.c.obj
 .text.pico_get_unique_board_id_string
                0x10007c3c      0x1a8 CMakeFiles/Atividade-03_02.dir/C_/Users/amand/.pico-sdk/sdk/2.1.0/src/rp2_common/pico_unique_id/unique_id.c.obj
                0x10007c3c                pico_get_unique_board_id_string
 .text.flash_get_unique_id
                0x10007de4       0x3c CMakeFiles/Atividade-03_02.dir/C_/Users/amand/.pico-sdk/sdk/2.1.0/src/rp2_common/hardware_flash/flash.c.obj
                0x10007de4                flash_get_unique_id
 .text.dcd_init
                0x10007e20       0x8c CMakeFiles/Atividade-03_02.dir/C_/Users/amand/.pico-sdk/sdk/2.1.0/lib/tinyusb/src/portable/raspberrypi/rp2040/dcd_rp2040.c.obj
                0x10007e20                dcd_init
 .text.dcd_int_enable
                0x10007eac        0xc CMakeFiles/Atividade-03_02.dir/C_/Users/amand/.pico-sdk/sdk/2.1.0/lib/tinyusb/src/portable/raspberrypi/rp2040/dcd_rp2040.c.obj
                0x10007eac                dcd_int_enable
 .text.dcd_set_address
                0x10007eb8       0x14 CMakeFiles/Atividade-03_02.dir/C_/Users/amand/.pico-sdk/sdk/2.1.0/lib/tinyusb/src/portable/raspberrypi/rp2040/dcd_rp2040.c.obj
                0x10007eb8                dcd_set_address
 .text.dcd_sof_enable
                0x10007ecc       0x1c CMakeFiles/Atividade-03_02.dir/C_/Users/amand/.pico-sdk/sdk/2.1.0/lib/tinyusb/src/portable/raspberrypi/rp2040/dcd_rp2040.c.obj
                0x10007ecc                dcd_sof_enable
 .text.dcd_edpt0_status_complete
                0x10007ee8       0x1c CMakeFiles/Atividade-03_02.dir/C_/Users/amand/.pico-sdk/sdk/2.1.0/lib/tinyusb/src/portable/raspberrypi/rp2040/dcd_rp2040.c.obj
                0x10007ee8                dcd_edpt0_status_complete
 .text.dcd_edpt_open
                0x10007f04      0x108 CMakeFiles/Atividade-03_02.dir/C_/Users/amand/.pico-sdk/sdk/2.1.0/lib/tinyusb/src/portable/raspberrypi/rp2040/dcd_rp2040.c.obj
                0x10007f04                dcd_edpt_open
 .text.dcd_edpt_close_all
                0x1000800c        0x8 CMakeFiles/Atividade-03_02.dir/C_/Users/amand/.pico-sdk/sdk/2.1.0/lib/tinyusb/src/portable/raspberrypi/rp2040/dcd_rp2040.c.obj
                0x1000800c                dcd_edpt_close_all
 .text.dcd_edpt_xfer
                0x10008014       0x24 CMakeFiles/Atividade-03_02.dir/C_/Users/amand/.pico-sdk/sdk/2.1.0/lib/tinyusb/src/portable/raspberrypi/rp2040/dcd_rp2040.c.obj
                0x10008014                dcd_edpt_xfer
 .text.dcd_edpt_stall
                0x10008038       0x34 CMakeFiles/Atividade-03_02.dir/C_/Users/amand/.pico-sdk/sdk/2.1.0/lib/tinyusb/src/portable/raspberrypi/rp2040/dcd_rp2040.c.obj
                0x10008038                dcd_edpt_stall
 .text.dcd_edpt_clear_stall
                0x1000806c       0x30 CMakeFiles/Atividade-03_02.dir/C_/Users/amand/.pico-sdk/sdk/2.1.0/lib/tinyusb/src/portable/raspberrypi/rp2040/dcd_rp2040.c.obj
                0x1000806c                dcd_edpt_clear_stall
 .text.rp2040_usb_init
                0x1000809c       0x40 CMakeFiles/Atividade-03_02.dir/C_/Users/amand/.pico-sdk/sdk/2.1.0/lib/tinyusb/src/portable/raspberrypi/rp2040/rp2040_usb.c.obj
                0x1000809c                rp2040_usb_init
 .text.hw_endpoint_xfer_start
                0x100080dc       0x40 CMakeFiles/Atividade-03_02.dir/C_/Users/amand/.pico-sdk/sdk/2.1.0/lib/tinyusb/src/portable/raspberrypi/rp2040/rp2040_usb.c.obj
                0x100080dc                hw_endpoint_xfer_start
 .text.tud_event_hook_cb
                0x1000811c        0x4 CMakeFiles/Atividade-03_02.dir/C_/Users/amand/.pico-sdk/sdk/2.1.0/lib/tinyusb/src/device/usbd.c.obj
                0x1000811c                tud_event_hook_cb
 .text.tud_sof_cb
                0x10008120        0x4 CMakeFiles/Atividade-03_02.dir/C_/Users/amand/.pico-sdk/sdk/2.1.0/lib/tinyusb/src/device/usbd.c.obj
                0x10008120                tud_sof_cb
 .text.tud_descriptor_device_qualifier_cb
                0x10008124        0x4 CMakeFiles/Atividade-03_02.dir/C_/Users/amand/.pico-sdk/sdk/2.1.0/lib/tinyusb/src/device/usbd.c.obj
                0x10008124                tud_descriptor_device_qualifier_cb
 .text.tud_descriptor_other_speed_configuration_cb
                0x10008128        0x4 CMakeFiles/Atividade-03_02.dir/C_/Users/amand/.pico-sdk/sdk/2.1.0/lib/tinyusb/src/device/usbd.c.obj
                0x10008128                tud_descriptor_other_speed_configuration_cb
 .text.tud_mount_cb
                0x1000812c        0x4 CMakeFiles/Atividade-03_02.dir/C_/Users/amand/.pico-sdk/sdk/2.1.0/lib/tinyusb/src/device/usbd.c.obj
                0x1000812c                tud_mount_cb
 .text.tud_umount_cb
                0x10008130        0x4 CMakeFiles/Atividade-03_02.dir/C_/Users/amand/.pico-sdk/sdk/2.1.0/lib/tinyusb/src/device/usbd.c.obj
                0x10008130                tud_umount_cb
 .text.tud_suspend_cb
                0x10008134        0x4 CMakeFiles/Atividade-03_02.dir/C_/Users/amand/.pico-sdk/sdk/2.1.0/lib/tinyusb/src/device/usbd.c.obj
                0x10008134                tud_suspend_cb
 .text.tud_resume_cb
                0x10008138        0x4 CMakeFiles/Atividade-03_02.dir/C_/Users/amand/.pico-sdk/sdk/2.1.0/lib/tinyusb/src/device/usbd.c.obj
                0x10008138                tud_resume_cb
 .text.tud_mounted
                0x1000813c       0x10 CMakeFiles/Atividade-03_02.dir/C_/Users/amand/.pico-sdk/sdk/2.1.0/lib/tinyusb/src/device/usbd.c.obj
                0x1000813c                tud_mounted
 .text.tud_suspended
                0x1000814c       0x10 CMakeFiles/Atividade-03_02.dir/C_/Users/amand/.pico-sdk/sdk/2.1.0/lib/tinyusb/src/device/usbd.c.obj
                0x1000814c                tud_suspended
 .text.tud_init
                0x1000815c       0xe4 CMakeFiles/Atividade-03_02.dir/C_/Users/amand/.pico-sdk/sdk/2.1.0/lib/tinyusb/src/device/usbd.c.obj
                0x1000815c                tud_init
 .text.tud_task_ext
                0x10008240      0x800 CMakeFiles/Atividade-03_02.dir/C_/Users/amand/.pico-sdk/sdk/2.1.0/lib/tinyusb/src/device/usbd.c.obj
                0x10008240                tud_task_ext
 .text.usbd_open_edpt_pair
                0x10008a40       0x9c CMakeFiles/Atividade-03_02.dir/C_/Users/amand/.pico-sdk/sdk/2.1.0/lib/tinyusb/src/device/usbd.c.obj
                0x10008a40                usbd_open_edpt_pair
 .text.usbd_edpt_open
                0x10008adc       0x34 CMakeFiles/Atividade-03_02.dir/C_/Users/amand/.pico-sdk/sdk/2.1.0/lib/tinyusb/src/device/usbd.c.obj
                0x10008adc                usbd_edpt_open
 .text.usbd_edpt_claim
                0x10008b10       0x28 CMakeFiles/Atividade-03_02.dir/C_/Users/amand/.pico-sdk/sdk/2.1.0/lib/tinyusb/src/device/usbd.c.obj
                0x10008b10                usbd_edpt_claim
 .text.usbd_edpt_release
                0x10008b38       0x28 CMakeFiles/Atividade-03_02.dir/C_/Users/amand/.pico-sdk/sdk/2.1.0/lib/tinyusb/src/device/usbd.c.obj
                0x10008b38                usbd_edpt_release
 .text.usbd_edpt_xfer
                0x10008b60       0x4c CMakeFiles/Atividade-03_02.dir/C_/Users/amand/.pico-sdk/sdk/2.1.0/lib/tinyusb/src/device/usbd.c.obj
                0x10008b60                usbd_edpt_xfer
 .text.tud_control_status
                0x10008bac       0x2c CMakeFiles/Atividade-03_02.dir/C_/Users/amand/.pico-sdk/sdk/2.1.0/lib/tinyusb/src/device/usbd_control.c.obj
                0x10008bac                tud_control_status
 .text.tud_control_xfer
                0x10008bd8       0xac CMakeFiles/Atividade-03_02.dir/C_/Users/amand/.pico-sdk/sdk/2.1.0/lib/tinyusb/src/device/usbd_control.c.obj
                0x10008bd8                tud_control_xfer
 .text.usbd_control_reset
                0x10008c84       0x14 CMakeFiles/Atividade-03_02.dir/C_/Users/amand/.pico-sdk/sdk/2.1.0/lib/tinyusb/src/device/usbd_control.c.obj
                0x10008c84                usbd_control_reset
 .text.usbd_control_set_complete_callback
                0x10008c98        0xc CMakeFiles/Atividade-03_02.dir/C_/Users/amand/.pico-sdk/sdk/2.1.0/lib/tinyusb/src/device/usbd_control.c.obj
                0x10008c98                usbd_control_set_complete_callback
 .text.usbd_control_set_request
                0x10008ca4       0x1c CMakeFiles/Atividade-03_02.dir/C_/Users/amand/.pico-sdk/sdk/2.1.0/lib/tinyusb/src/device/usbd_control.c.obj
                0x10008ca4                usbd_control_set_request
 .text.usbd_control_xfer_cb
                0x10008cc0       0xec CMakeFiles/Atividade-03_02.dir/C_/Users/amand/.pico-sdk/sdk/2.1.0/lib/tinyusb/src/device/usbd_control.c.obj
                0x10008cc0                usbd_control_xfer_cb
 .text._prep_out_transaction.isra.0
                0x10008dac       0x5c CMakeFiles/Atividade-03_02.dir/C_/Users/amand/.pico-sdk/sdk/2.1.0/lib/tinyusb/src/class/cdc/cdc_device.c.obj
 .text.tud_cdc_n_connected
                0x10008e08       0x30 CMakeFiles/Atividade-03_02.dir/C_/Users/amand/.pico-sdk/sdk/2.1.0/lib/tinyusb/src/class/cdc/cdc_device.c.obj
                0x10008e08                tud_cdc_n_connected
 .text.tud_cdc_n_available
                0x10008e38       0x18 CMakeFiles/Atividade-03_02.dir/C_/Users/amand/.pico-sdk/sdk/2.1.0/lib/tinyusb/src/class/cdc/cdc_device.c.obj
                0x10008e38                tud_cdc_n_available
 .text.tud_cdc_n_read
                0x10008e50       0x98 CMakeFiles/Atividade-03_02.dir/C_/Users/amand/.pico-sdk/sdk/2.1.0/lib/tinyusb/src/class/cdc/cdc_device.c.obj
                0x10008e50                tud_cdc_n_read
 .text.tud_cdc_n_write_flush
                0x10008ee8       0x78 CMakeFiles/Atividade-03_02.dir/C_/Users/amand/.pico-sdk/sdk/2.1.0/lib/tinyusb/src/class/cdc/cdc_device.c.obj
                0x10008ee8                tud_cdc_n_write_flush
 .text.tud_cdc_n_write
                0x10008f60       0x40 CMakeFiles/Atividade-03_02.dir/C_/Users/amand/.pico-sdk/sdk/2.1.0/lib/tinyusb/src/class/cdc/cdc_device.c.obj
                0x10008f60                tud_cdc_n_write
 .text.tud_cdc_n_write_available
                0x10008fa0       0x18 CMakeFiles/Atividade-03_02.dir/C_/Users/amand/.pico-sdk/sdk/2.1.0/lib/tinyusb/src/class/cdc/cdc_device.c.obj
                0x10008fa0                tud_cdc_n_write_available
 .text.cdcd_init
                0x10008fb8       0x7c CMakeFiles/Atividade-03_02.dir/C_/Users/amand/.pico-sdk/sdk/2.1.0/lib/tinyusb/src/class/cdc/cdc_device.c.obj
                0x10008fb8                cdcd_init
 .text.cdcd_deinit
                0x10009034       0x34 CMakeFiles/Atividade-03_02.dir/C_/Users/amand/.pico-sdk/sdk/2.1.0/lib/tinyusb/src/class/cdc/cdc_device.c.obj
                0x10009034                cdcd_deinit
 .text.cdcd_reset
                0x10009068       0x4c CMakeFiles/Atividade-03_02.dir/C_/Users/amand/.pico-sdk/sdk/2.1.0/lib/tinyusb/src/class/cdc/cdc_device.c.obj
                0x10009068                cdcd_reset
 .text.cdcd_open
                0x100090b4       0xb0 CMakeFiles/Atividade-03_02.dir/C_/Users/amand/.pico-sdk/sdk/2.1.0/lib/tinyusb/src/class/cdc/cdc_device.c.obj
                0x100090b4                cdcd_open
 .text.cdcd_control_xfer_cb
                0x10009164       0xe4 CMakeFiles/Atividade-03_02.dir/C_/Users/amand/.pico-sdk/sdk/2.1.0/lib/tinyusb/src/class/cdc/cdc_device.c.obj
                0x10009164                cdcd_control_xfer_cb
 .text.cdcd_xfer_cb
                0x10009248      0x100 CMakeFiles/Atividade-03_02.dir/C_/Users/amand/.pico-sdk/sdk/2.1.0/lib/tinyusb/src/class/cdc/cdc_device.c.obj
                0x10009248                cdcd_xfer_cb
 .text.vendord_init
                0x10009348       0x5c CMakeFiles/Atividade-03_02.dir/C_/Users/amand/.pico-sdk/sdk/2.1.0/lib/tinyusb/src/class/vendor/vendor_device.c.obj
                0x10009348                vendord_init
 .text.vendord_deinit
                0x100093a4       0x1c CMakeFiles/Atividade-03_02.dir/C_/Users/amand/.pico-sdk/sdk/2.1.0/lib/tinyusb/src/class/vendor/vendor_device.c.obj
                0x100093a4                vendord_deinit
 .text.vendord_reset
                0x100093c0       0x20 CMakeFiles/Atividade-03_02.dir/C_/Users/amand/.pico-sdk/sdk/2.1.0/lib/tinyusb/src/class/vendor/vendor_device.c.obj
                0x100093c0                vendord_reset
 .text.vendord_open
                0x100093e0      0x138 CMakeFiles/Atividade-03_02.dir/C_/Users/amand/.pico-sdk/sdk/2.1.0/lib/tinyusb/src/class/vendor/vendor_device.c.obj
                0x100093e0                vendord_open
 .text.vendord_xfer_cb
                0x10009518       0x9c CMakeFiles/Atividade-03_02.dir/C_/Users/amand/.pico-sdk/sdk/2.1.0/lib/tinyusb/src/class/vendor/vendor_device.c.obj
                0x10009518                vendord_xfer_cb
 .text.tusb_init
                0x100095b4        0xc CMakeFiles/Atividade-03_02.dir/C_/Users/amand/.pico-sdk/sdk/2.1.0/lib/tinyusb/src/tusb.c.obj
                0x100095b4                tusb_init
 .text.tu_edpt_claim
                0x100095c0       0x50 CMakeFiles/Atividade-03_02.dir/C_/Users/amand/.pico-sdk/sdk/2.1.0/lib/tinyusb/src/tusb.c.obj
                0x100095c0                tu_edpt_claim
 .text.tu_edpt_release
                0x10009610       0x38 CMakeFiles/Atividade-03_02.dir/C_/Users/amand/.pico-sdk/sdk/2.1.0/lib/tinyusb/src/tusb.c.obj
                0x10009610                tu_edpt_release
 .text.tu_edpt_validate
                0x10009648       0x7c CMakeFiles/Atividade-03_02.dir/C_/Users/amand/.pico-sdk/sdk/2.1.0/lib/tinyusb/src/tusb.c.obj
                0x10009648                tu_edpt_validate
 .text.tu_edpt_bind_driver
                0x100096c4       0x34 CMakeFiles/Atividade-03_02.dir/C_/Users/amand/.pico-sdk/sdk/2.1.0/lib/tinyusb/src/tusb.c.obj
                0x100096c4                tu_edpt_bind_driver
 .text.tu_edpt_stream_init
                0x100096f8       0x6c CMakeFiles/Atividade-03_02.dir/C_/Users/amand/.pico-sdk/sdk/2.1.0/lib/tinyusb/src/tusb.c.obj
                0x100096f8                tu_edpt_stream_init
 .text.tu_edpt_stream_deinit
                0x10009764        0x4 CMakeFiles/Atividade-03_02.dir/C_/Users/amand/.pico-sdk/sdk/2.1.0/lib/tinyusb/src/tusb.c.obj
                0x10009764                tu_edpt_stream_deinit
 .text.tu_edpt_stream_write_zlp_if_needed
                0x10009768       0x68 CMakeFiles/Atividade-03_02.dir/C_/Users/amand/.pico-sdk/sdk/2.1.0/lib/tinyusb/src/tusb.c.obj
                0x10009768                tu_edpt_stream_write_zlp_if_needed
 .text.tu_edpt_stream_write_xfer
                0x100097d0       0x64 CMakeFiles/Atividade-03_02.dir/C_/Users/amand/.pico-sdk/sdk/2.1.0/lib/tinyusb/src/tusb.c.obj
                0x100097d0                tu_edpt_stream_write_xfer
 .text.tu_edpt_stream_read_xfer
                0x10009834       0xdc CMakeFiles/Atividade-03_02.dir/C_/Users/amand/.pico-sdk/sdk/2.1.0/lib/tinyusb/src/tusb.c.obj
                0x10009834                tu_edpt_stream_read_xfer
 .text.tu_fifo_config
                0x10009910       0x6c CMakeFiles/Atividade-03_02.dir/C_/Users/amand/.pico-sdk/sdk/2.1.0/lib/tinyusb/src/common/tusb_fifo.c.obj
                0x10009910                tu_fifo_config
 .text.tu_fifo_count
                0x1000997c       0x2c CMakeFiles/Atividade-03_02.dir/C_/Users/amand/.pico-sdk/sdk/2.1.0/lib/tinyusb/src/common/tusb_fifo.c.obj
                0x1000997c                tu_fifo_count
 .text.tu_fifo_empty
                0x100099a8       0x10 CMakeFiles/Atividade-03_02.dir/C_/Users/amand/.pico-sdk/sdk/2.1.0/lib/tinyusb/src/common/tusb_fifo.c.obj
                0x100099a8                tu_fifo_empty
 .text.tu_fifo_remaining
                0x100099b8       0x2c CMakeFiles/Atividade-03_02.dir/C_/Users/amand/.pico-sdk/sdk/2.1.0/lib/tinyusb/src/common/tusb_fifo.c.obj
                0x100099b8                tu_fifo_remaining
 .text.tu_fifo_read
                0x100099e4       0x9c CMakeFiles/Atividade-03_02.dir/C_/Users/amand/.pico-sdk/sdk/2.1.0/lib/tinyusb/src/common/tusb_fifo.c.obj
                0x100099e4                tu_fifo_read
 .text.tu_fifo_read_n
                0x10009a80       0xe8 CMakeFiles/Atividade-03_02.dir/C_/Users/amand/.pico-sdk/sdk/2.1.0/lib/tinyusb/src/common/tusb_fifo.c.obj
                0x10009a80                tu_fifo_read_n
 .text.tu_fifo_write
                0x10009b68       0xa8 CMakeFiles/Atividade-03_02.dir/C_/Users/amand/.pico-sdk/sdk/2.1.0/lib/tinyusb/src/common/tusb_fifo.c.obj
                0x10009b68                tu_fifo_write
 .text.tu_fifo_write_n
                0x10009c10      0x178 CMakeFiles/Atividade-03_02.dir/C_/Users/amand/.pico-sdk/sdk/2.1.0/lib/tinyusb/src/common/tusb_fifo.c.obj
                0x10009c10                tu_fifo_write_n
 .text.tu_fifo_clear
                0x10009d88       0x40 CMakeFiles/Atividade-03_02.dir/C_/Users/amand/.pico-sdk/sdk/2.1.0/lib/tinyusb/src/common/tusb_fifo.c.obj
                0x10009d88                tu_fifo_clear
 .text.tu_fifo_set_overwritable
                0x10009dc8       0x48 CMakeFiles/Atividade-03_02.dir/C_/Users/amand/.pico-sdk/sdk/2.1.0/lib/tinyusb/src/common/tusb_fifo.c.obj
                0x10009dc8                tu_fifo_set_overwritable
 .text.i2c_write_blocking_internal.constprop.0
                0x10009e10       0xd0 CMakeFiles/Atividade-03_02.dir/C_/Users/amand/.pico-sdk/sdk/2.1.0/src/rp2_common/hardware_i2c/i2c.c.obj
 .text.i2c_set_baudrate
                0x10009ee0       0xc0 CMakeFiles/Atividade-03_02.dir/C_/Users/amand/.pico-sdk/sdk/2.1.0/src/rp2_common/hardware_i2c/i2c.c.obj
                0x10009ee0                i2c_set_baudrate
 .text.i2c_init
                0x10009fa0       0x50 CMakeFiles/Atividade-03_02.dir/C_/Users/amand/.pico-sdk/sdk/2.1.0/src/rp2_common/hardware_i2c/i2c.c.obj
                0x10009fa0                i2c_init
 .text.i2c_write_blocking
                0x10009ff0       0x14 CMakeFiles/Atividade-03_02.dir/C_/Users/amand/.pico-sdk/sdk/2.1.0/src/rp2_common/hardware_i2c/i2c.c.obj
                0x10009ff0                i2c_write_blocking
 .text.pio_claim_unused_sm
                0x1000a004       0x38 CMakeFiles/Atividade-03_02.dir/C_/Users/amand/.pico-sdk/sdk/2.1.0/src/rp2_common/hardware_pio/pio.c.obj
                0x1000a004                pio_claim_unused_sm
 .text.pio_add_program
                0x1000a03c      0x104 CMakeFiles/Atividade-03_02.dir/C_/Users/amand/.pico-sdk/sdk/2.1.0/src/rp2_common/hardware_pio/pio.c.obj
                0x1000a03c                pio_add_program
 .text.pio_sm_set_consecutive_pindirs
                0x1000a140       0xb4 CMakeFiles/Atividade-03_02.dir/C_/Users/amand/.pico-sdk/sdk/2.1.0/src/rp2_common/hardware_pio/pio.c.obj
                0x1000a140                pio_sm_set_consecutive_pindirs
 .text.pio_sm_init
                0x1000a1f4       0x9c CMakeFiles/Atividade-03_02.dir/C_/Users/amand/.pico-sdk/sdk/2.1.0/src/rp2_common/hardware_pio/pio.c.obj
                0x1000a1f4                pio_sm_init
 .text.calloc   0x1000a290       0x18 C:/Users/amand/.pico-sdk/toolchain/13_3_Rel1/bin/../lib/gcc/arm-none-eabi/13.3.1/thumb/v6-m/nofp\libg.a(libc_a-calloc.o)
                0x1000a290                calloc
 .text._calloc_r
                0x1000a2a8       0xa8 C:/Users/amand/.pico-sdk/toolchain/13_3_Rel1/bin/../lib/gcc/arm-none-eabi/13.3.1/thumb/v6-m/nofp\libg.a(libc_a-callocr.o)
                0x1000a2a8                _calloc_r
 .text.malloc   0x1000a350       0x14 C:/Users/amand/.pico-sdk/toolchain/13_3_Rel1/bin/../lib/gcc/arm-none-eabi/13.3.1/thumb/v6-m/nofp\libg.a(libc_a-malloc.o)
                0x1000a350                malloc
 .text.free     0x1000a364       0x14 C:/Users/amand/.pico-sdk/toolchain/13_3_Rel1/bin/../lib/gcc/arm-none-eabi/13.3.1/thumb/v6-m/nofp\libg.a(libc_a-malloc.o)
                0x1000a364                free
 .text._malloc_r
                0x1000a378      0x5c4 C:/Users/amand/.pico-sdk/toolchain/13_3_Rel1/bin/../lib/gcc/arm-none-eabi/13.3.1/thumb/v6-m/nofp\libg.a(libc_a-mallocr.o)
                0x1000a378                _malloc_r
 .text.__malloc_lock
                0x1000a93c       0x10 C:/Users/amand/.pico-sdk/toolchain/13_3_Rel1/bin/../lib/gcc/arm-none-eabi/13.3.1/thumb/v6-m/nofp\libg.a(libc_a-mlock.o)
                0x1000a93c                __malloc_lock
 .text.__malloc_unlock
                0x1000a94c       0x10 C:/Users/amand/.pico-sdk/toolchain/13_3_Rel1/bin/../lib/gcc/arm-none-eabi/13.3.1/thumb/v6-m/nofp\libg.a(libc_a-mlock.o)
                0x1000a94c                __malloc_unlock
 .text.realloc  0x1000a95c       0x18 C:/Users/amand/.pico-sdk/toolchain/13_3_Rel1/bin/../lib/gcc/arm-none-eabi/13.3.1/thumb/v6-m/nofp\libg.a(libc_a-realloc.o)
                0x1000a95c                realloc
 .text._realloc_r
                0x1000a974      0x350 C:/Users/amand/.pico-sdk/toolchain/13_3_Rel1/bin/../lib/gcc/arm-none-eabi/13.3.1/thumb/v6-m/nofp\libg.a(libc_a-reallocr.o)
                0x1000a974                _realloc_r
 .text.sscanf   0x1000acc4       0x54 C:/Users/amand/.pico-sdk/toolchain/13_3_Rel1/bin/../lib/gcc/arm-none-eabi/13.3.1/thumb/v6-m/nofp\libg.a(libc_a-sscanf.o)
                0x1000acc4                sscanf
 .text.__seofread
                0x1000ad18        0x4 C:/Users/amand/.pico-sdk/toolchain/13_3_Rel1/bin/../lib/gcc/arm-none-eabi/13.3.1/thumb/v6-m/nofp\libg.a(libc_a-stdio.o)
                0x1000ad18                __seofread
 .text.memmove  0x1000ad1c       0xb0 C:/Users/amand/.pico-sdk/toolchain/13_3_Rel1/bin/../lib/gcc/arm-none-eabi/13.3.1/thumb/v6-m/nofp\libg.a(libc_a-memmove.o)
                0x1000ad1c                memmove
 .text._sbrk_r  0x1000adcc       0x24 C:/Users/amand/.pico-sdk/toolchain/13_3_Rel1/bin/../lib/gcc/arm-none-eabi/13.3.1/thumb/v6-m/nofp\libg.a(libc_a-sbrkr.o)
                0x1000adcc                _sbrk_r
 .text.__errno  0x1000adf0        0xc C:/Users/amand/.pico-sdk/toolchain/13_3_Rel1/bin/../lib/gcc/arm-none-eabi/13.3.1/thumb/v6-m/nofp\libg.a(libc_a-errno.o)
                0x1000adf0                __errno
 .text.__retarget_lock_acquire_recursive
                0x1000adfc        0x4 C:/Users/amand/.pico-sdk/toolchain/13_3_Rel1/bin/../lib/gcc/arm-none-eabi/13.3.1/thumb/v6-m/nofp\libg.a(libc_a-lock.o)
                0x1000adfc                __retarget_lock_acquire_recursive
 .text.__retarget_lock_release_recursive
                0x1000ae00        0x4 C:/Users/amand/.pico-sdk/toolchain/13_3_Rel1/bin/../lib/gcc/arm-none-eabi/13.3.1/thumb/v6-m/nofp\libg.a(libc_a-lock.o)
                0x1000ae00                __retarget_lock_release_recursive
 .text.sysconf  0x1000ae04       0x1c C:/Users/amand/.pico-sdk/toolchain/13_3_Rel1/bin/../lib/gcc/arm-none-eabi/13.3.1/thumb/v6-m/nofp\libg.a(libc_a-sysconf.o)
                0x1000ae04                sysconf
 .text          0x1000ae20       0x88 C:/Users/amand/.pico-sdk/toolchain/13_3_Rel1/bin/../lib/gcc/arm-none-eabi/13.3.1/thumb/v6-m/nofp\libg.a(libc_a-strcmp.o)
                0x1000ae20                strcmp
 .text.strlen   0x1000aea8       0x5c C:/Users/amand/.pico-sdk/toolchain/13_3_Rel1/bin/../lib/gcc/arm-none-eabi/13.3.1/thumb/v6-m/nofp\libg.a(libc_a-strlen-stub.o)
                0x1000aea8                strlen
 .text._malloc_trim_r
                0x1000af04       0xb4 C:/Users/amand/.pico-sdk/toolchain/13_3_Rel1/bin/../lib/gcc/arm-none-eabi/13.3.1/thumb/v6-m/nofp\libg.a(libc_a-freer.o)
                0x1000af04                _malloc_trim_r
 .text._free_r  0x1000afb8      0x1d4 C:/Users/amand/.pico-sdk/toolchain/13_3_Rel1/bin/../lib/gcc/arm-none-eabi/13.3.1/thumb/v6-m/nofp\libg.a(libc_a-freer.o)
                0x1000afb8                _free_r
 .text._strtoul_l.isra.0
                0x1000b18c      0x144 C:/Users/amand/.pico-sdk/toolchain/13_3_Rel1/bin/../lib/gcc/arm-none-eabi/13.3.1/thumb/v6-m/nofp\libg.a(libc_a-strtoul.o)
 .text._strtoul_r
                0x1000b2d0        0x8 C:/Users/amand/.pico-sdk/toolchain/13_3_Rel1/bin/../lib/gcc/arm-none-eabi/13.3.1/thumb/v6-m/nofp\libg.a(libc_a-strtoul.o)
                0x1000b2d0                _strtoul_r
 .text._sungetc_r
                0x1000b2d8       0x80 C:/Users/amand/.pico-sdk/toolchain/13_3_Rel1/bin/../lib/gcc/arm-none-eabi/13.3.1/thumb/v6-m/nofp\libg.a(libc_a-svfiscanf.o)
                0x1000b2d8                _sungetc_r
 .text.__ssrefill_r
                0x1000b358       0x40 C:/Users/amand/.pico-sdk/toolchain/13_3_Rel1/bin/../lib/gcc/arm-none-eabi/13.3.1/thumb/v6-m/nofp\libg.a(libc_a-svfiscanf.o)
                0x1000b358                __ssrefill_r
 .text._sfread_r
                0x1000b398       0xbc C:/Users/amand/.pico-sdk/toolchain/13_3_Rel1/bin/../lib/gcc/arm-none-eabi/13.3.1/thumb/v6-m/nofp\libg.a(libc_a-svfiscanf.o)
                0x1000b398                _sfread_r
 .text.__ssvfscanf_r
                0x1000b454     0x18bc C:/Users/amand/.pico-sdk/toolchain/13_3_Rel1/bin/../lib/gcc/arm-none-eabi/13.3.1/thumb/v6-m/nofp\libg.a(libc_a-svfscanf.o)
                0x1000b454                __ssvfscanf_r
 .text.__sccl   0x1000cd10       0x80 C:/Users/amand/.pico-sdk/toolchain/13_3_Rel1/bin/../lib/gcc/arm-none-eabi/13.3.1/thumb/v6-m/nofp\libg.a(libc_a-sccl.o)
                0x1000cd10                __sccl
 .text.__submore
                0x1000cd90       0x84 C:/Users/amand/.pico-sdk/toolchain/13_3_Rel1/bin/../lib/gcc/arm-none-eabi/13.3.1/thumb/v6-m/nofp\libg.a(libc_a-ungetc.o)
                0x1000cd90                __submore
 .text.strncmp  0x1000ce14       0x74 C:/Users/amand/.pico-sdk/toolchain/13_3_Rel1/bin/../lib/gcc/arm-none-eabi/13.3.1/thumb/v6-m/nofp\libg.a(libc_a-strncmp.o)
                0x1000ce14                strncmp
 .text.stpncpy  0x1000ce88       0x78 C:/Users/amand/.pico-sdk/toolchain/13_3_Rel1/bin/../lib/gcc/arm-none-eabi/13.3.1/thumb/v6-m/nofp\libg.a(libc_a-stpncpy.o)
                0x1000ce88                stpncpy
 .text.__locale_mb_cur_max
                0x1000cf00       0x10 C:/Users/amand/.pico-sdk/toolchain/13_3_Rel1/bin/../lib/gcc/arm-none-eabi/13.3.1/thumb/v6-m/nofp\libg.a(libc_a-locale.o)
                0x1000cf00                __locale_mb_cur_max
 .text._localeconv_r
                0x1000cf10        0x8 C:/Users/amand/.pico-sdk/toolchain/13_3_Rel1/bin/../lib/gcc/arm-none-eabi/13.3.1/thumb/v6-m/nofp\libg.a(libc_a-localeconv.o)
                0x1000cf10                _localeconv_r
 .text.nanf     0x1000cf18        0x8 C:/Users/amand/.pico-sdk/toolchain/13_3_Rel1/bin/../lib/gcc/arm-none-eabi/13.3.1/thumb/v6-m/nofp\libg.a(libm_a-sf_nan.o)
                0x1000cf18                nanf
 .text.__ascii_mbtowc
                0x1000cf20       0x2c C:/Users/amand/.pico-sdk/toolchain/13_3_Rel1/bin/../lib/gcc/arm-none-eabi/13.3.1/thumb/v6-m/nofp\libg.a(libc_a-mbtowc_r.o)
                0x1000cf20                __ascii_mbtowc
 .text.sulp     0x1000cf4c       0x30 C:/Users/amand/.pico-sdk/toolchain/13_3_Rel1/bin/../lib/gcc/arm-none-eabi/13.3.1/thumb/v6-m/nofp\libg.a(libc_a-strtod.o)
 .text._strtod_l
                0x1000cf7c      0xeb8 C:/Users/amand/.pico-sdk/toolchain/13_3_Rel1/bin/../lib/gcc/arm-none-eabi/13.3.1/thumb/v6-m/nofp\libg.a(libc_a-strtod.o)
                0x1000cf7c                _strtod_l
 .text._strtod_r
                0x1000de34       0x10 C:/Users/amand/.pico-sdk/toolchain/13_3_Rel1/bin/../lib/gcc/arm-none-eabi/13.3.1/thumb/v6-m/nofp\libg.a(libc_a-strtod.o)
                0x1000de34                _strtod_r
 .text._strtol_l.isra.0
                0x1000de44      0x158 C:/Users/amand/.pico-sdk/toolchain/13_3_Rel1/bin/../lib/gcc/arm-none-eabi/13.3.1/thumb/v6-m/nofp\libg.a(libc_a-strtol.o)
 .text._strtol_r
                0x1000df9c        0x8 C:/Users/amand/.pico-sdk/toolchain/13_3_Rel1/bin/../lib/gcc/arm-none-eabi/13.3.1/thumb/v6-m/nofp\libg.a(libc_a-strtol.o)
                0x1000df9c                _strtol_r
 .text.__ascii_wctomb
                0x1000dfa4       0x1c C:/Users/amand/.pico-sdk/toolchain/13_3_Rel1/bin/../lib/gcc/arm-none-eabi/13.3.1/thumb/v6-m/nofp\libg.a(libc_a-wctomb_r.o)
                0x1000dfa4                __ascii_wctomb
 .text._strtoll_l.isra.0
                0x1000dfc0      0x1a0 C:/Users/amand/.pico-sdk/toolchain/13_3_Rel1/bin/../lib/gcc/arm-none-eabi/13.3.1/thumb/v6-m/nofp\libg.a(libc_a-strtoll.o)
 .text._strtoll_r
                0x1000e160        0x8 C:/Users/amand/.pico-sdk/toolchain/13_3_Rel1/bin/../lib/gcc/arm-none-eabi/13.3.1/thumb/v6-m/nofp\libg.a(libc_a-strtoll.o)
                0x1000e160                _strtoll_r
 .text._strtoull_l.isra.0
                0x1000e168      0x1c4 C:/Users/amand/.pico-sdk/toolchain/13_3_Rel1/bin/../lib/gcc/arm-none-eabi/13.3.1/thumb/v6-m/nofp\libg.a(libc_a-strtoull.o)
 .text._strtoull_r
                0x1000e32c        0x8 C:/Users/amand/.pico-sdk/toolchain/13_3_Rel1/bin/../lib/gcc/arm-none-eabi/13.3.1/thumb/v6-m/nofp\libg.a(libc_a-strtoull.o)
                0x1000e32c                _strtoull_r
 .text._mbrtowc_r
                0x1000e334       0x54 C:/Users/amand/.pico-sdk/toolchain/13_3_Rel1/bin/../lib/gcc/arm-none-eabi/13.3.1/thumb/v6-m/nofp\libg.a(libc_a-mbrtowc.o)
                0x1000e334                _mbrtowc_r
 .text.iswspace
                0x1000e388        0xc C:/Users/amand/.pico-sdk/toolchain/13_3_Rel1/bin/../lib/gcc/arm-none-eabi/13.3.1/thumb/v6-m/nofp\libg.a(libc_a-iswspace.o)
                0x1000e388                iswspace
 .text.iswspace_l
                0x1000e394       0x24 C:/Users/amand/.pico-sdk/toolchain/13_3_Rel1/bin/../lib/gcc/arm-none-eabi/13.3.1/thumb/v6-m/nofp\libg.a(libc_a-iswspace_l.o)
                0x1000e394                iswspace_l
 .text.__jp2uc  0x1000e3b8      0x154 C:/Users/amand/.pico-sdk/toolchain/13_3_Rel1/bin/../lib/gcc/arm-none-eabi/13.3.1/thumb/v6-m/nofp\libg.a(libc_a-jp2uc.o)
 .text._jp2uc_l
                0x1000e50c       0x68 C:/Users/amand/.pico-sdk/toolchain/13_3_Rel1/bin/../lib/gcc/arm-none-eabi/13.3.1/thumb/v6-m/nofp\libg.a(libc_a-jp2uc.o)
                0x1000e50c                _jp2uc_l
 .text.nan      0x1000e574        0xc C:/Users/amand/.pico-sdk/toolchain/13_3_Rel1/bin/../lib/gcc/arm-none-eabi/13.3.1/thumb/v6-m/nofp\libg.a(libm_a-s_nan.o)
                0x1000e574                nan
 .text.rshift   0x1000e580       0xb0 C:/Users/amand/.pico-sdk/toolchain/13_3_Rel1/bin/../lib/gcc/arm-none-eabi/13.3.1/thumb/v6-m/nofp\libg.a(libc_a-gdtoa-gethex.o)
 .text.__gethex
                0x1000e630      0x5a8 C:/Users/amand/.pico-sdk/toolchain/13_3_Rel1/bin/../lib/gcc/arm-none-eabi/13.3.1/thumb/v6-m/nofp\libg.a(libc_a-gdtoa-gethex.o)
                0x1000e630                __gethex
 .text.__match  0x1000ebd8       0x2c C:/Users/amand/.pico-sdk/toolchain/13_3_Rel1/bin/../lib/gcc/arm-none-eabi/13.3.1/thumb/v6-m/nofp\libg.a(libc_a-gdtoa-hexnan.o)
                0x1000ebd8                __match
 .text.__hexnan
                0x1000ec04      0x204 C:/Users/amand/.pico-sdk/toolchain/13_3_Rel1/bin/../lib/gcc/arm-none-eabi/13.3.1/thumb/v6-m/nofp\libg.a(libc_a-gdtoa-hexnan.o)
                0x1000ec04                __hexnan
 .text._Balloc  0x1000ee08       0x50 C:/Users/amand/.pico-sdk/toolchain/13_3_Rel1/bin/../lib/gcc/arm-none-eabi/13.3.1/thumb/v6-m/nofp\libg.a(libc_a-mprec.o)
                0x1000ee08                _Balloc
 .text._Bfree   0x1000ee58       0x14 C:/Users/amand/.pico-sdk/toolchain/13_3_Rel1/bin/../lib/gcc/arm-none-eabi/13.3.1/thumb/v6-m/nofp\libg.a(libc_a-mprec.o)
                0x1000ee58                _Bfree
 .text.__multadd
                0x1000ee6c       0xa8 C:/Users/amand/.pico-sdk/toolchain/13_3_Rel1/bin/../lib/gcc/arm-none-eabi/13.3.1/thumb/v6-m/nofp\libg.a(libc_a-mprec.o)
                0x1000ee6c                __multadd
 .text.__s2b    0x1000ef14       0xb0 C:/Users/amand/.pico-sdk/toolchain/13_3_Rel1/bin/../lib/gcc/arm-none-eabi/13.3.1/thumb/v6-m/nofp\libg.a(libc_a-mprec.o)
                0x1000ef14                __s2b
 .text.__hi0bits
                0x1000efc4       0x4c C:/Users/amand/.pico-sdk/toolchain/13_3_Rel1/bin/../lib/gcc/arm-none-eabi/13.3.1/thumb/v6-m/nofp\libg.a(libc_a-mprec.o)
                0x1000efc4                __hi0bits
 .text.__lo0bits
                0x1000f010       0x5c C:/Users/amand/.pico-sdk/toolchain/13_3_Rel1/bin/../lib/gcc/arm-none-eabi/13.3.1/thumb/v6-m/nofp\libg.a(libc_a-mprec.o)
                0x1000f010                __lo0bits
 .text.__i2b    0x1000f06c       0x60 C:/Users/amand/.pico-sdk/toolchain/13_3_Rel1/bin/../lib/gcc/arm-none-eabi/13.3.1/thumb/v6-m/nofp\libg.a(libc_a-mprec.o)
                0x1000f06c                __i2b
 .text.__multiply
                0x1000f0cc      0x1ac C:/Users/amand/.pico-sdk/toolchain/13_3_Rel1/bin/../lib/gcc/arm-none-eabi/13.3.1/thumb/v6-m/nofp\libg.a(libc_a-mprec.o)
                0x1000f0cc                __multiply
 .text.__pow5mult
                0x1000f278       0xd0 C:/Users/amand/.pico-sdk/toolchain/13_3_Rel1/bin/../lib/gcc/arm-none-eabi/13.3.1/thumb/v6-m/nofp\libg.a(libc_a-mprec.o)
                0x1000f278                __pow5mult
 .text.__lshift
                0x1000f348       0xfc C:/Users/amand/.pico-sdk/toolchain/13_3_Rel1/bin/../lib/gcc/arm-none-eabi/13.3.1/thumb/v6-m/nofp\libg.a(libc_a-mprec.o)
                0x1000f348                __lshift
 .text.__mcmp   0x1000f444       0x3c C:/Users/amand/.pico-sdk/toolchain/13_3_Rel1/bin/../lib/gcc/arm-none-eabi/13.3.1/thumb/v6-m/nofp\libg.a(libc_a-mprec.o)
                0x1000f444                __mcmp
 .text.__mdiff  0x1000f480      0x1b4 C:/Users/amand/.pico-sdk/toolchain/13_3_Rel1/bin/../lib/gcc/arm-none-eabi/13.3.1/thumb/v6-m/nofp\libg.a(libc_a-mprec.o)
                0x1000f480                __mdiff
 .text.__ulp    0x1000f634       0x40 C:/Users/amand/.pico-sdk/toolchain/13_3_Rel1/bin/../lib/gcc/arm-none-eabi/13.3.1/thumb/v6-m/nofp\libg.a(libc_a-mprec.o)
                0x1000f634                __ulp
 .text.__b2d    0x1000f674       0xb8 C:/Users/amand/.pico-sdk/toolchain/13_3_Rel1/bin/../lib/gcc/arm-none-eabi/13.3.1/thumb/v6-m/nofp\libg.a(libc_a-mprec.o)
                0x1000f674                __b2d
 .text.__d2b    0x1000f72c       0xcc C:/Users/amand/.pico-sdk/toolchain/13_3_Rel1/bin/../lib/gcc/arm-none-eabi/13.3.1/thumb/v6-m/nofp\libg.a(libc_a-mprec.o)
                0x1000f72c                __d2b
 .text.__ratio  0x1000f7f8       0x68 C:/Users/amand/.pico-sdk/toolchain/13_3_Rel1/bin/../lib/gcc/arm-none-eabi/13.3.1/thumb/v6-m/nofp\libg.a(libc_a-mprec.o)
                0x1000f7f8                __ratio
 .text.__copybits
                0x1000f860       0x40 C:/Users/amand/.pico-sdk/toolchain/13_3_Rel1/bin/../lib/gcc/arm-none-eabi/13.3.1/thumb/v6-m/nofp\libg.a(libc_a-mprec.o)
                0x1000f860                __copybits
 .text.__any_on
                0x1000f8a0       0x4c C:/Users/amand/.pico-sdk/toolchain/13_3_Rel1/bin/../lib/gcc/arm-none-eabi/13.3.1/thumb/v6-m/nofp\libg.a(libc_a-mprec.o)
                0x1000f8a0                __any_on
 .text.category
                0x1000f8ec       0x54 C:/Users/amand/.pico-sdk/toolchain/13_3_Rel1/bin/../lib/gcc/arm-none-eabi/13.3.1/thumb/v6-m/nofp\libg.a(libc_a-categories.o)
                0x1000f8ec                category
 *(.fini)
 .fini          0x1000f940        0x4 C:/Users/amand/.pico-sdk/toolchain/13_3_Rel1/bin/../lib/gcc/arm-none-eabi/13.3.1/thumb/v6-m/nofp/crti.o
                0x1000f940                _fini
 *fill*         0x1000f944        0x4 
 .fini.__stub   0x1000f948       0xc0 linker stubs
 *crtbegin.o(.ctors)
 *crtbegin?.o(.ctors)
 *(EXCLUDE_FILE(*crtend.o *crtend?.o) .ctors)
 *(SORT_BY_NAME(.ctors.*))
 *(.ctors)
 *crtbegin.o(.dtors)
 *crtbegin?.o(.dtors)
 *(EXCLUDE_FILE(*crtend.o *crtend?.o) .dtors)
 *(SORT_BY_NAME(.dtors.*))
 *(.dtors)
                0x1000fa08                        . = ALIGN (0x4)
                0x1000fa08                        PROVIDE (__preinit_array_start = .)
 *(SORT_BY_NAME(.preinit_array.*))
 .preinit_array.00100
                0x1000fa08        0x4 CMakeFiles/Atividade-03_02.dir/C_/Users/amand/.pico-sdk/sdk/2.1.0/src/rp2_common/pico_runtime_init/runtime_init.c.obj
                0x1000fa08                __pre_init_runtime_init_early_resets
 .preinit_array.00101
                0x1000fa0c        0x4 CMakeFiles/Atividade-03_02.dir/C_/Users/amand/.pico-sdk/sdk/2.1.0/src/rp2_common/pico_runtime_init/runtime_init.c.obj
                0x1000fa0c                __pre_init_runtime_init_usb_power_down
 .preinit_array.00275
                0x1000fa10        0x4 CMakeFiles/Atividade-03_02.dir/C_/Users/amand/.pico-sdk/sdk/2.1.0/src/rp2_common/pico_bit_ops/bit_ops_aeabi.S.obj
 .preinit_array.00300
                0x1000fa14        0x4 CMakeFiles/Atividade-03_02.dir/C_/Users/amand/.pico-sdk/sdk/2.1.0/src/rp2_common/pico_mem_ops/mem_ops_aeabi.S.obj
 .preinit_array.00350
                0x1000fa18        0x4 CMakeFiles/Atividade-03_02.dir/C_/Users/amand/.pico-sdk/sdk/2.1.0/src/rp2_common/pico_double/double_aeabi_rp2040.S.obj
 .preinit_array.00350
                0x1000fa1c        0x4 CMakeFiles/Atividade-03_02.dir/C_/Users/amand/.pico-sdk/sdk/2.1.0/src/rp2_common/pico_float/float_aeabi_rp2040.S.obj
 .preinit_array.00500
                0x1000fa20        0x4 CMakeFiles/Atividade-03_02.dir/C_/Users/amand/.pico-sdk/sdk/2.1.0/src/rp2_common/pico_runtime_init/runtime_init.c.obj
                0x1000fa20                __pre_init_runtime_init_clocks
 .preinit_array.00600
                0x1000fa24        0x4 CMakeFiles/Atividade-03_02.dir/C_/Users/amand/.pico-sdk/sdk/2.1.0/src/rp2_common/pico_runtime_init/runtime_init.c.obj
                0x1000fa24                __pre_init_runtime_init_post_clock_resets
 .preinit_array.00700
                0x1000fa28        0x4 CMakeFiles/Atividade-03_02.dir/C_/Users/amand/.pico-sdk/sdk/2.1.0/src/rp2_common/pico_runtime_init/runtime_init.c.obj
                0x1000fa28                __pre_init_runtime_init_rp2040_gpio_ie_disable
 .preinit_array.01000
                0x1000fa2c        0x4 CMakeFiles/Atividade-03_02.dir/C_/Users/amand/.pico-sdk/sdk/2.1.0/src/rp2_common/pico_runtime_init/runtime_init.c.obj
                0x1000fa2c                __pre_init_runtime_init_spin_locks_reset
 .preinit_array.01100
                0x1000fa30        0x4 CMakeFiles/Atividade-03_02.dir/C_/Users/amand/.pico-sdk/sdk/2.1.0/src/common/pico_sync/mutex.c.obj
                0x1000fa30                __pre_init_runtime_init_mutex
 .preinit_array.10080
                0x1000fa34        0x4 CMakeFiles/Atividade-03_02.dir/C_/Users/amand/.pico-sdk/sdk/2.1.0/src/rp2_common/pico_runtime_init/runtime_init.c.obj
                0x1000fa34                __pre_init_runtime_init_install_ram_vector_table
 .preinit_array.11000
                0x1000fa38        0x4 CMakeFiles/Atividade-03_02.dir/C_/Users/amand/.pico-sdk/sdk/2.1.0/src/common/pico_time/time.c.obj
                0x1000fa38                __pre_init_runtime_init_default_alarm_pool
 .preinit_array.YYYYY
                0x1000fa3c        0x4 CMakeFiles/Atividade-03_02.dir/C_/Users/amand/.pico-sdk/sdk/2.1.0/src/rp2_common/pico_runtime/runtime.c.obj
                0x1000fa3c                __pre_init_first_per_core_initializer
 .preinit_array.ZZZZZ.01200
                0x1000fa40        0x4 CMakeFiles/Atividade-03_02.dir/C_/Users/amand/.pico-sdk/sdk/2.1.0/src/rp2_common/hardware_irq/irq.c.obj
                0x1000fa40                __pre_init_runtime_init_per_core_irq_priorities
 *(.preinit_array)
                0x1000fa44                        PROVIDE (__preinit_array_end = .)
                0x1000fa44                        . = ALIGN (0x4)
                0x1000fa44                        PROVIDE (__init_array_start = .)
 *(SORT_BY_NAME(.init_array.*))
 *(.init_array)
 .init_array    0x1000fa44        0x4 C:/Users/amand/.pico-sdk/toolchain/13_3_Rel1/bin/../lib/gcc/arm-none-eabi/13.3.1/thumb/v6-m/nofp/crtbegin.o
 .init_array    0x1000fa48        0x4 CMakeFiles/Atividade-03_02.dir/C_/Users/amand/.pico-sdk/sdk/2.1.0/src/rp2_common/pico_unique_id/unique_id.c.obj
                0x1000fa4c                        PROVIDE (__init_array_end = .)
                0x1000fa4c                        . = ALIGN (0x4)
                [!provide]                        PROVIDE (__fini_array_start = .)
 *(SORT_BY_NAME(.fini_array.*))
 *(.fini_array)
                [!provide]                        PROVIDE (__fini_array_end = .)
 *(.eh_frame*)
 .eh_frame      0x1000fa4c        0x0 C:/Users/amand/.pico-sdk/toolchain/13_3_Rel1/bin/../lib/gcc/arm-none-eabi/13.3.1/thumb/v6-m/nofp/crtbegin.o
                0x1000fa4c                        . = ALIGN (0x4)

.glue_7         0x1000fa4c        0x0
 .glue_7        0x1000fa4c        0x0 linker stubs

.glue_7t        0x1000fa4c        0x0
 .glue_7t       0x1000fa4c        0x0 linker stubs

.vfp11_veneer   0x1000fa4c        0x0
 .vfp11_veneer  0x1000fa4c        0x0 linker stubs

.v4_bx          0x1000fa4c        0x0
 .v4_bx         0x1000fa4c        0x0 linker stubs

.iplt           0x1000fa4c        0x0
 .iplt          0x1000fa4c        0x0 C:/Users/amand/.pico-sdk/toolchain/13_3_Rel1/bin/../lib/gcc/arm-none-eabi/13.3.1/thumb/v6-m/nofp/crtbegin.o

.rodata         0x1000fa50     0x7ee4
 *(EXCLUDE_FILE(*libm.a: *libc.a:*lib_a-mem*.o *libgcc.a:) .rodata*)
 .rodata.handler_gpio.str1.4
                0x1000fa50      0x466 CMakeFiles/Atividade-03_02.dir/Atividade-03_02.c.obj
                                 0xcb (size before relaxing)
 *fill*         0x1000feb6        0x2 
 .rodata.exibir_numero
                0x1000feb8       0xa4 CMakeFiles/Atividade-03_02.dir/Atividade-03_02.c.obj
 .rodata.main.str1.4
                0x1000ff5c       0x28 CMakeFiles/Atividade-03_02.dir/Atividade-03_02.c.obj
 .rodata.matriz_de_leds_program
                0x1000ff5c        0x8 CMakeFiles/Atividade-03_02.dir/Atividade-03_02.c.obj
 .rodata.matriz_de_leds_program_instructions
                0x1000ff64        0xe CMakeFiles/Atividade-03_02.dir/Atividade-03_02.c.obj
 *fill*         0x1000ff72        0x2 
 .rodata.font   0x1000ff74      0x200 CMakeFiles/Atividade-03_02.dir/inc/ssd1306.c.obj
 .rodata.panic.str1.4
                0x10010174       0x12 CMakeFiles/Atividade-03_02.dir/C_/Users/amand/.pico-sdk/sdk/2.1.0/src/rp2_common/pico_platform_panic/panic.c.obj
 .rodata.spin_lock_claim_unused.str1.4
                0x10010174       0x1b CMakeFiles/Atividade-03_02.dir/C_/Users/amand/.pico-sdk/sdk/2.1.0/src/rp2_common/hardware_sync/sync.c.obj
 .rodata.user_irq_claim_unused.str1.4
                0x10010174       0x1b CMakeFiles/Atividade-03_02.dir/C_/Users/amand/.pico-sdk/sdk/2.1.0/src/rp2_common/hardware_irq/irq.c.obj
 *fill*         0x10010174        0x4 
 .rodata.at_the_end_of_time
                0x10010178        0x8 CMakeFiles/Atividade-03_02.dir/C_/Users/amand/.pico-sdk/sdk/2.1.0/src/common/pico_time/time.c.obj
                0x10010178                at_the_end_of_time
 .rodata.timer_hardware_alarm_claim.str1.4
                0x10010180       0x22 CMakeFiles/Atividade-03_02.dir/C_/Users/amand/.pico-sdk/sdk/2.1.0/src/rp2_common/hardware_timer/timer.c.obj
 .rodata.hard_assertion_failure.str1.4
                0x10010180        0xc CMakeFiles/Atividade-03_02.dir/C_/Users/amand/.pico-sdk/sdk/2.1.0/src/rp2_common/pico_runtime/runtime.c.obj
 .rodata.missing_double_func_shim.str1.4
                0x10010180       0x18 CMakeFiles/Atividade-03_02.dir/C_/Users/amand/.pico-sdk/sdk/2.1.0/src/rp2_common/pico_double/double_init_rom_rp2040.c.obj
 .rodata.missing_float_func_shim.str1.4
                0x10010180        0x1 CMakeFiles/Atividade-03_02.dir/C_/Users/amand/.pico-sdk/sdk/2.1.0/src/rp2_common/pico_float/float_init_rom_rp2040.c.obj
 .rodata.__wrap_malloc.str1.4
                0x10010180        0xe CMakeFiles/Atividade-03_02.dir/C_/Users/amand/.pico-sdk/sdk/2.1.0/src/rp2_common/pico_malloc/malloc.c.obj
 .rodata.str1.4
                0x10010180       0x48 CMakeFiles/Atividade-03_02.dir/C_/Users/amand/.pico-sdk/sdk/2.1.0/src/rp2_common/pico_standard_binary_info/standard_binary_info.c.obj
 .rodata.__bi_84
                0x10010180        0xc CMakeFiles/Atividade-03_02.dir/C_/Users/amand/.pico-sdk/sdk/2.1.0/src/rp2_common/pico_standard_binary_info/standard_binary_info.c.obj
 .rodata.__bi_78
                0x1001018c        0xc CMakeFiles/Atividade-03_02.dir/C_/Users/amand/.pico-sdk/sdk/2.1.0/src/rp2_common/pico_standard_binary_info/standard_binary_info.c.obj
 .rodata.__bi_60
                0x10010198        0xc CMakeFiles/Atividade-03_02.dir/C_/Users/amand/.pico-sdk/sdk/2.1.0/src/rp2_common/pico_standard_binary_info/standard_binary_info.c.obj
 .rodata.__bi_54
                0x100101a4        0xc CMakeFiles/Atividade-03_02.dir/C_/Users/amand/.pico-sdk/sdk/2.1.0/src/rp2_common/pico_standard_binary_info/standard_binary_info.c.obj
 .rodata.__bi_48
                0x100101b0        0xc CMakeFiles/Atividade-03_02.dir/C_/Users/amand/.pico-sdk/sdk/2.1.0/src/rp2_common/pico_standard_binary_info/standard_binary_info.c.obj
 .rodata.__bi_42
                0x100101bc        0xc CMakeFiles/Atividade-03_02.dir/C_/Users/amand/.pico-sdk/sdk/2.1.0/src/rp2_common/pico_standard_binary_info/standard_binary_info.c.obj
 .rodata.__bi_34
                0x100101c8        0xc CMakeFiles/Atividade-03_02.dir/C_/Users/amand/.pico-sdk/sdk/2.1.0/src/rp2_common/pico_standard_binary_info/standard_binary_info.c.obj
 .rodata.__bi_26
                0x100101d4        0xc CMakeFiles/Atividade-03_02.dir/C_/Users/amand/.pico-sdk/sdk/2.1.0/src/rp2_common/pico_standard_binary_info/standard_binary_info.c.obj
 .rodata._ftoa.str1.4
                0x100101e0       0x15 CMakeFiles/Atividade-03_02.dir/C_/Users/amand/.pico-sdk/sdk/2.1.0/src/rp2_common/pico_printf/printf.c.obj
 .rodata._vsnprintf
                0x100101e0      0x19c CMakeFiles/Atividade-03_02.dir/C_/Users/amand/.pico-sdk/sdk/2.1.0/src/rp2_common/pico_printf/printf.c.obj
 *fill*         0x1001037c        0x4 
 .rodata.pow10.0
                0x10010380       0x50 CMakeFiles/Atividade-03_02.dir/C_/Users/amand/.pico-sdk/sdk/2.1.0/src/rp2_common/pico_printf/printf.c.obj
 .rodata.__assert_func.str1.4
                0x100103d0       0x43 CMakeFiles/Atividade-03_02.dir/C_/Users/amand/.pico-sdk/sdk/2.1.0/src/rp2_common/pico_clib_interface/newlib_interface.c.obj
 .rodata.crlf_str.0
                0x100103d0        0x2 CMakeFiles/Atividade-03_02.dir/C_/Users/amand/.pico-sdk/sdk/2.1.0/src/rp2_common/pico_stdio/stdio.c.obj
 .rodata.str1.4
                0x100103d2       0x2c CMakeFiles/Atividade-03_02.dir/C_/Users/amand/.pico-sdk/sdk/2.1.0/src/rp2_common/pico_stdio_uart/stdio_uart.c.obj
 *fill*         0x100103d2        0x2 
 .rodata.__bi_45.4
                0x100103d4        0xc CMakeFiles/Atividade-03_02.dir/C_/Users/amand/.pico-sdk/sdk/2.1.0/src/rp2_common/pico_stdio_uart/stdio_uart.c.obj
 .rodata.__bi_49.5
                0x100103e0        0x8 CMakeFiles/Atividade-03_02.dir/C_/Users/amand/.pico-sdk/sdk/2.1.0/src/rp2_common/pico_stdio_uart/stdio_uart.c.obj
 .rodata.__bi_50.6
                0x100103e8        0x8 CMakeFiles/Atividade-03_02.dir/C_/Users/amand/.pico-sdk/sdk/2.1.0/src/rp2_common/pico_stdio_uart/stdio_uart.c.obj
 .rodata._resetd_driver
                0x100103f0       0x20 CMakeFiles/Atividade-03_02.dir/C_/Users/amand/.pico-sdk/sdk/2.1.0/src/rp2_common/pico_stdio_usb/reset_interface.c.obj
 .rodata.desc_ms_os_20
                0x10010410       0xa6 CMakeFiles/Atividade-03_02.dir/C_/Users/amand/.pico-sdk/sdk/2.1.0/src/rp2_common/pico_stdio_usb/reset_interface.c.obj
 *fill*         0x100104b6        0x2 
 .rodata.desc_bos
                0x100104b8       0x21 CMakeFiles/Atividade-03_02.dir/C_/Users/amand/.pico-sdk/sdk/2.1.0/src/rp2_common/pico_stdio_usb/reset_interface.c.obj
                0x100104b8                desc_bos
 .rodata.str1.4
                0x100104d9       0x13 CMakeFiles/Atividade-03_02.dir/C_/Users/amand/.pico-sdk/sdk/2.1.0/src/rp2_common/pico_stdio_usb/stdio_usb.c.obj
 *fill*         0x100104d9        0x3 
 .rodata.__bi_197.0
                0x100104dc        0xc CMakeFiles/Atividade-03_02.dir/C_/Users/amand/.pico-sdk/sdk/2.1.0/src/rp2_common/pico_stdio_usb/stdio_usb.c.obj
 .rodata.str1.4
                0x100104e8       0x2a CMakeFiles/Atividade-03_02.dir/C_/Users/amand/.pico-sdk/sdk/2.1.0/src/rp2_common/pico_stdio_usb/stdio_usb_descriptors.c.obj
 .rodata.usbd_desc_str
                0x100104e8       0x18 CMakeFiles/Atividade-03_02.dir/C_/Users/amand/.pico-sdk/sdk/2.1.0/src/rp2_common/pico_stdio_usb/stdio_usb_descriptors.c.obj
 .rodata.usbd_desc_cfg
                0x10010500       0x54 CMakeFiles/Atividade-03_02.dir/C_/Users/amand/.pico-sdk/sdk/2.1.0/src/rp2_common/pico_stdio_usb/stdio_usb_descriptors.c.obj
 .rodata.usbd_desc_device
                0x10010554       0x12 CMakeFiles/Atividade-03_02.dir/C_/Users/amand/.pico-sdk/sdk/2.1.0/src/rp2_common/pico_stdio_usb/stdio_usb_descriptors.c.obj
 .rodata.str1.4
                0x10010566       0x14 CMakeFiles/Atividade-03_02.dir/C_/Users/amand/.pico-sdk/sdk/2.1.0/lib/tinyusb/src/portable/raspberrypi/rp2040/dcd_rp2040.c.obj
 .rodata.str1.4
                0x10010566       0x48 CMakeFiles/Atividade-03_02.dir/C_/Users/amand/.pico-sdk/sdk/2.1.0/lib/tinyusb/src/portable/raspberrypi/rp2040/rp2040_usb.c.obj
 *fill*         0x10010566        0x2 
 .rodata.tud_task_ext
                0x10010568       0x8c CMakeFiles/Atividade-03_02.dir/C_/Users/amand/.pico-sdk/sdk/2.1.0/lib/tinyusb/src/device/usbd.c.obj
 .rodata        0x100105f4       0x1c CMakeFiles/Atividade-03_02.dir/C_/Users/amand/.pico-sdk/sdk/2.1.0/lib/tinyusb/src/device/usbd.c.obj
 .rodata._usbd_driver
                0x10010610       0x40 CMakeFiles/Atividade-03_02.dir/C_/Users/amand/.pico-sdk/sdk/2.1.0/lib/tinyusb/src/device/usbd.c.obj
 .rodata.pio_claim_unused_sm.str1.4
                0x10010650       0x24 CMakeFiles/Atividade-03_02.dir/C_/Users/amand/.pico-sdk/sdk/2.1.0/src/rp2_common/hardware_pio/pio.c.obj
 .rodata._ctype_
                0x10010650      0x101 C:/Users/amand/.pico-sdk/toolchain/13_3_Rel1/bin/../lib/gcc/arm-none-eabi/13.3.1/thumb/v6-m/nofp\libg.a(libc_a-ctype_.o)
                0x10010650                _ctype_
 .rodata.__ssvfscanf_r.str1.4